Archive member included to satisfy reference by file (symbol)

C:\Users\johan\Documents\School\Platforms\MCUXpressoIDE_11.2.0_4120\XY-projektV2\FreeRTOS\Debug\libfreertos.a(queue.o)
                              ./src/cdc_main.o (xQueueGenericCreate)
C:\Users\johan\Documents\School\Platforms\MCUXpressoIDE_11.2.0_4120\XY-projektV2\FreeRTOS\Debug\libfreertos.a(tasks.o)
                              ./src/usb_cdc.o (xTaskCreate)
C:\Users\johan\Documents\School\Platforms\MCUXpressoIDE_11.2.0_4120\XY-projektV2\FreeRTOS\Debug\libfreertos.a(timers.o)
                              C:\Users\johan\Documents\School\Platforms\MCUXpressoIDE_11.2.0_4120\XY-projektV2\FreeRTOS\Debug\libfreertos.a(tasks.o) (xTimerCreateTimerTask)
C:\Users\johan\Documents\School\Platforms\MCUXpressoIDE_11.2.0_4120\XY-projektV2\FreeRTOS\Debug\libfreertos.a(heap_3.o)
                              C:\Users\johan\Documents\School\Platforms\MCUXpressoIDE_11.2.0_4120\XY-projektV2\FreeRTOS\Debug\libfreertos.a(queue.o) (pvPortMalloc)
C:\Users\johan\Documents\School\Platforms\MCUXpressoIDE_11.2.0_4120\XY-projektV2\FreeRTOS\Debug\libfreertos.a(port.o)
                              C:\Users\johan\Documents\School\Platforms\MCUXpressoIDE_11.2.0_4120\XY-projektV2\FreeRTOS\Debug\libfreertos.a(tasks.o) (pxPortInitialiseStack)
C:\Users\johan\Documents\School\Platforms\MCUXpressoIDE_11.2.0_4120\XY-projektV2\FreeRTOS\Debug\libfreertos.a(FreeRTOSCommonHooks.o)
                              C:\Users\johan\Documents\School\Platforms\MCUXpressoIDE_11.2.0_4120\XY-projektV2\FreeRTOS\Debug\libfreertos.a(heap_3.o) (vApplicationMallocFailedHook)
C:\Users\johan\Documents\School\Platforms\MCUXpressoIDE_11.2.0_4120\XY-projektV2\FreeRTOS\Debug\libfreertos.a(list.o)
                              C:\Users\johan\Documents\School\Platforms\MCUXpressoIDE_11.2.0_4120\XY-projektV2\FreeRTOS\Debug\libfreertos.a(queue.o) (vListInitialise)
C:\Users\johan\Documents\School\Platforms\MCUXpressoIDE_11.2.0_4120\XY-projektV2\lpc_board_nxp_lpcxpresso_1549\Debug\liblpc_board_nxp_lpcxpresso_1549.a(board.o)
                              ./src/usb_cdc.o (Board_LED_Set)
C:\Users\johan\Documents\School\Platforms\MCUXpressoIDE_11.2.0_4120\XY-projektV2\lpc_board_nxp_lpcxpresso_1549\Debug\liblpc_board_nxp_lpcxpresso_1549.a(board_sysinit.o)
                              ./src/sysinit.o (Board_SystemInit)
C:\Users\johan\Documents\School\Platforms\MCUXpressoIDE_11.2.0_4120\XY-projektV2\lpc_chip_15xx\Debug\liblpc_chip_15xx.a(chip_15xx.o)
                              C:\Users\johan\Documents\School\Platforms\MCUXpressoIDE_11.2.0_4120\XY-projektV2\FreeRTOS\Debug\libfreertos.a(port.o) (SystemCoreClock)
C:\Users\johan\Documents\School\Platforms\MCUXpressoIDE_11.2.0_4120\XY-projektV2\lpc_chip_15xx\Debug\liblpc_chip_15xx.a(clock_15xx.o)
                              C:\Users\johan\Documents\School\Platforms\MCUXpressoIDE_11.2.0_4120\XY-projektV2\lpc_board_nxp_lpcxpresso_1549\Debug\liblpc_board_nxp_lpcxpresso_1549.a(board.o) (Chip_Clock_GetMainClockRate)
C:\Users\johan\Documents\School\Platforms\MCUXpressoIDE_11.2.0_4120\XY-projektV2\lpc_chip_15xx\Debug\liblpc_chip_15xx.a(gpio_15xx.o)
                              C:\Users\johan\Documents\School\Platforms\MCUXpressoIDE_11.2.0_4120\XY-projektV2\lpc_board_nxp_lpcxpresso_1549\Debug\liblpc_board_nxp_lpcxpresso_1549.a(board.o) (Chip_GPIO_Init)
C:\Users\johan\Documents\School\Platforms\MCUXpressoIDE_11.2.0_4120\XY-projektV2\lpc_chip_15xx\Debug\liblpc_chip_15xx.a(iocon_15xx.o)
                              C:\Users\johan\Documents\School\Platforms\MCUXpressoIDE_11.2.0_4120\XY-projektV2\lpc_board_nxp_lpcxpresso_1549\Debug\liblpc_board_nxp_lpcxpresso_1549.a(board_sysinit.o) (Chip_IOCON_SetPinMuxing)
C:\Users\johan\Documents\School\Platforms\MCUXpressoIDE_11.2.0_4120\XY-projektV2\lpc_chip_15xx\Debug\liblpc_chip_15xx.a(sct_15xx.o)
                              ./src/usb_cdc.o (Chip_SCT_Init)
C:\Users\johan\Documents\School\Platforms\MCUXpressoIDE_11.2.0_4120\XY-projektV2\lpc_chip_15xx\Debug\liblpc_chip_15xx.a(swm_15xx.o)
                              ./src/ITM_write.o (Chip_SWM_MovablePinAssign)
C:\Users\johan\Documents\School\Platforms\MCUXpressoIDE_11.2.0_4120\XY-projektV2\lpc_chip_15xx\Debug\liblpc_chip_15xx.a(sysctl_15xx.o)
                              C:\Users\johan\Documents\School\Platforms\MCUXpressoIDE_11.2.0_4120\XY-projektV2\lpc_board_nxp_lpcxpresso_1549\Debug\liblpc_board_nxp_lpcxpresso_1549.a(board_sysinit.o) (Chip_SYSCTL_AssertPeriphReset)
C:\Users\johan\Documents\School\Platforms\MCUXpressoIDE_11.2.0_4120\XY-projektV2\lpc_chip_15xx\Debug\liblpc_chip_15xx.a(sysinit_15xx.o)
                              C:\Users\johan\Documents\School\Platforms\MCUXpressoIDE_11.2.0_4120\XY-projektV2\lpc_board_nxp_lpcxpresso_1549\Debug\liblpc_board_nxp_lpcxpresso_1549.a(board_sysinit.o) (Chip_SetupXtalClocking)
C:\Users\johan\Documents\School\Platforms\MCUXpressoIDE_11.2.0_4120\XY-projektV2\lpc_chip_15xx\Debug\liblpc_chip_15xx.a(uart_15xx.o)
[...]
Memory Configuration

Name             Origin             Length             Attributes
MFlash256        0x00000000         0x00040000         xr
Ram0_16_32       0x02000000         0x00008000         xrw
Ram2_4           0x02008000         0x00001000         xrw
*default*        0x00000000         0xffffffff

Linker script and memory map

LOAD ./src/Fmutex.o
LOAD ./src/ITM_write.o
LOAD ./src/cdc_desc.o
LOAD ./src/cdc_main.o
LOAD ./src/cdc_vcom.o
LOAD ./src/cr_cpp_config.o
LOAD ./src/cr_startup_lpc15xx.o
LOAD ./src/crp.o
LOAD ./src/heap_lock_monitor.o
LOAD ./src/sysinit.o
LOAD ./src/usb_cdc.o
LOAD C:\Users\johan\Documents\School\Platforms\MCUXpressoIDE_11.2.0_4120\XY-projektV2\FreeRTOS\Debug\libfreertos.a
LOAD C:\Users\johan\Documents\School\Platforms\MCUXpressoIDE_11.2.0_4120\XY-projektV2\lpc_board_nxp_lpcxpresso_1549\Debug\liblpc_board_nxp_lpcxpresso_1549.a
LOAD C:\Users\johan\Documents\School\Platforms\MCUXpressoIDE_11.2.0_4120\XY-projektV2\lpc_chip_15xx\Debug\liblpc_chip_15xx.a
LOAD C:\Users\johan\Documents\School\Platforms\MCUXpressoIDE_11.2.0_4120\XY-projektV2\FreeRTOS\Debug\libFreeRTOS.a
START GROUP
LOAD c:/nxp/mcuxpressoide_11.2.0_4120/ide/plugins/com.nxp.mcuxpresso.tools.win32_11.2.0.202001021529/tools/bin/../lib/gcc/arm-none-eabi/9.2.1/thumb/v7-m/nofp\libgcc.a
LOAD c:/nxp/mcuxpressoide_11.2.0_4120/ide/plugins/com.nxp.mcuxpresso.tools.win32_11.2.0.202001021529/tools/bin/../lib/gcc/arm-none-eabi/9.2.1/../../../../arm-none-eabi/lib/thumb/v7-m/nofp\libc.a
LOAD c:/nxp/mcuxpressoide_11.2.0_4120/ide/plugins/com.nxp.mcuxpresso.tools.win32_11.2.0.202001021529/tools/bin/../lib/gcc/arm-none-eabi/9.2.1/../../../../arm-none-eabi/lib/thumb/v7-m/nofp\libstdc++.a
LOAD c:/nxp/mcuxpressoide_11.2.0_4120/ide/plugins/com.nxp.mcuxpresso.tools.win32_11.2.0.202001021529/tools/bin/../lib/gcc/arm-none-eabi/9.2.1/../../../../arm-none-eabi/lib/thumb/v7-m/nofp\libm.a
LOAD c:/nxp/mcuxpressoide_11.2.0_4120/ide/plugins/com.nxp.mcuxpresso.tools.win32_11.2.0.202001021529/tools/bin/../lib/gcc/arm-none-eabi/9.2.1/../../../../arm-none-eabi/lib/thumb/v7-m/nofp\libcr_newlib_nohost.a
LOAD c:/nxp/mcuxpressoide_11.2.0_4120/ide/plugins/com.nxp.mcuxpresso.tools.win32_11.2.0.202001021529/tools/bin/../lib/gcc/arm-none-eabi/9.2.1/thumb/v7-m/nofp\crti.o
LOAD c:/nxp/mcuxpressoide_11.2.0_4120/ide/plugins/com.nxp.mcuxpresso.tools.win32_11.2.0.202001021529/tools/bin/../lib/gcc/arm-none-eabi/9.2.1/thumb/v7-m/nofp\crtn.o
LOAD c:/nxp/mcuxpressoide_11.2.0_4120/ide/plugins/com.nxp.mcuxpresso.tools.win32_11.2.0.202001021529/tools/bin/../lib/gcc/arm-none-eabi/9.2.1/thumb/v7-m/nofp\crtbegin.o
LOAD c:/nxp/mcuxpressoide_11.2.0_4120/ide/plugins/com.nxp.mcuxpresso.tools.win32_11.2.0.202001021529/tools/bin/../lib/gcc/arm-none-eabi/9.2.1/thumb/v7-m/nofp\crtend.o
END GROUP
                0x00000000                __base_MFlash256 = 0x0
                0x00000000                __base_Flash = 0x0
                0x00040000                __top_MFlash256 = 0x40000
                0x00040000                __top_Flash = 0x40000
                0x02000000                __base_Ram0_16_32 = 0x2000000
                0x02000000                __base_RAM = 0x2000000
                0x02008000                __top_Ram0_16_32 = 0x2008000
                0x02008000                __top_RAM = 0x2008000
                0x02008000                __base_Ram2_4 = 0x2008000
                0x02008000                __base_RAM2 = 0x2008000
                0x02009000                __top_Ram2_4 = 0x2009000
                0x02009000                __top_RAM2 = 0x2009000

.text           0x00000000     0x94ac
 FILL mask 0xff
                0x00000000                __vectors_start__ = ABSOLUTE (.)
 *(.isr_vector)
 .isr_vector    0x00000000       0xfc ./src/cr_startup_lpc15xx.o
                0x00000000                g_pfnVectors
                0x000000fc                . = ALIGN (0x4)
                0x000000fc                __section_table_start = .
                0x000000fc                __data_section_table = .
                0x000000fc        0x4 LONG 0x94b4 LOADADDR (.data)
                0x00000100        0x4 LONG 0x2000000 ADDR (.data)
                0x00000104        0x4 LONG 0x9fc SIZEOF (.data)
                0x00000108        0x4 LONG 0x94b4 LOADADDR (.data_RAM2)
                0x0000010c        0x4 LONG 0x2008000 ADDR (.data_RAM2)
                0x00000110        0x4 LONG 0x0 SIZEOF (.data_RAM2)
                0x00000114                __data_section_table_end = .
                0x00000114                __bss_section_table = .
                0x00000114        0x4 LONG 0x20009fc ADDR (.bss)
                0x00000118        0x4 LONG 0x668 SIZEOF (.bss)
                0x0000011c        0x4 LONG 0x2008000 ADDR (.bss_RAM2)
                0x00000120        0x4 LONG 0x0 SIZEOF (.bss_RAM2)
                0x00000124                __bss_section_table_end = .
                0x00000124                __section_table_end = .
 *(.after_vectors*)
 .after_vectors
                0x00000124      0x140 ./src/cr_startup_lpc15xx.o
                0x00000124                data_init(unsigned int, unsigned int, unsigned int)
                0x00000166                bss_init(unsigned int, unsigned int)
                0x0000019c                ResetISR
                0x00000228                NMI_Handler
                0x0000022e                HardFault_Handler
                0x00000234                MemManage_Handler
                0x0000023a                BusFault_Handler
                0x00000240                UsageFault_Handler
                0x0000024c                DebugMon_Handler
                0x0000025e                UART1_IRQHandler
                0x0000025e                RTC_WAKE_IRQHandler
                0x0000025e                UART0_IRQHandler
                0x0000025e                MRT_IRQHandler
                0x0000025e                ADC1_THCMP_IRQHandler
                0x0000025e                SPI1_IRQHandler
                0x0000025e                PIN_INT6_IRQHandler
                0x0000025e                IntDefaultHandler
                0x0000025e                PIN_INT4_IRQHandler
                0x0000025e                CAN_IRQHandler
                0x0000025e                RTC_ALARM_IRQHandler
                0x0000025e                ADC1B_IRQHandler
                0x0000025e                ADC1_OVR_IRQHandler
                0x0000025e                USBWakeup_IRQHandler
                0x0000025e                ADC0_OVR_IRQHandler
                0x0000025e                PIN_INT5_IRQHandler
                0x0000025e                SCT1_IRQHandler
                0x0000025e                PIN_INT2_IRQHandler
                0x0000025e                USB_FIQHandler
                0x0000025e                SCT3_IRQHandler
                0x0000025e                PIN_INT7_IRQHandler
                0x0000025e                I2C0_IRQHandler
                0x0000025e                PIN_INT1_IRQHandler
                0x0000025e                BOD_IRQHandler
                0x0000025e                ADC0B_IRQHandler
                0x0000025e                ACMP0_IRQHandler
                0x0000025e                RIT_IRQHandler
                0x0000025e                SCT2_IRQHandler
                0x0000025e                WDT_IRQHandler
                0x0000025e                PIN_INT0_IRQHandler
                0x0000025e                QEI_IRQHandler
                0x0000025e                ACMP3_IRQHandler
                0x0000025e                GINT0_IRQHandler
                0x0000025e                DAC_IRQHandler
                0x0000025e                SPI0_IRQHandler
                0x0000025e                EEPROM_IRQHandler
                0x0000025e                ACMP2_IRQHandler
                0x0000025e                UART2_IRQHandler
                0x0000025e                ADC1A_IRQHandler
                0x0000025e                DMA_IRQHandler
                0x0000025e                PIN_INT3_IRQHandler
                0x0000025e                ACMP1_IRQHandler
                0x0000025e                SCT0_IRQHandler
                0x0000025e                ADC0A_IRQHandler
                0x0000025e                FMC_IRQHandler
                0x0000025e                GINT1_IRQHandler
                0x0000025e                ADC0_THCMP_IRQHandler
 *(.text*)
 .text.Chip_SWM_MovablePortPinAssign
                0x00000264       0x30 ./src/ITM_write.o
 .text.ITM_init
                0x00000294       0x12 ./src/ITM_write.o
                0x00000294                ITM_init
 *fill*         0x000002a6        0x2 ff
 .text.ITM_write
                0x000002a8       0x7c ./src/ITM_write.o
                0x000002a8                ITM_write
 .text.NVIC_EnableIRQ
                0x00000324       0x30 ./src/cdc_main.o
 .text.NVIC_SetPriority
                0x00000354       0x54 ./src/cdc_main.o
 .text.vcom_connected
                0x000003a8       0x1c ./src/cdc_main.o
 .text.USB_send
                0x000003c4       0x74 ./src/cdc_main.o
                0x000003c4                USB_send
 .text.USB_receive
                0x00000438       0x5c ./src/cdc_main.o
                0x00000438                USB_receive
 .text.USB_IRQHandler
                0x00000494       0x58 ./src/cdc_main.o
                0x00000494                USB_IRQHandler
 .text.find_IntfDesc
                0x000004ec       0x5c ./src/cdc_main.o
                0x000004ec                find_IntfDesc
 .text.cdc_task
                0x00000548      0x2e0 ./src/cdc_main.o
                0x00000548                cdc_task
 .text.NVIC_EnableIRQ
                0x00000828       0x30 ./src/cdc_vcom.o
 .text.NVIC_DisableIRQ
                0x00000858       0x34 ./src/cdc_vcom.o
 .text.VCOM_bulk_in_hdlr
                0x0000088c       0x32 ./src/cdc_vcom.o
 *fill*         0x000008be        0x2 ff
 .text.VCOM_bulk_out_hdlr
                0x000008c0       0xec ./src/cdc_vcom.o
 .text.VCOM_SetLineCode
                0x000009ac       0x28 ./src/cdc_vcom.o
 .text.vcom_init
                0x000009d4       0xec ./src/cdc_vcom.o
                0x000009d4                vcom_init
 .text.vcom_bread
                0x00000ac0       0x8c ./src/cdc_vcom.o
                0x00000ac0                vcom_bread
 .text.vcom_write
                0x00000b4c       0x74 ./src/cdc_vcom.o
                0x00000b4c                vcom_write
 .text.heap_monitor_setup
                0x00000bc0       0x50 ./src/heap_lock_monitor.o
                0x00000bc0                heap_monitor_setup
 .text.heap_monitor_update
                0x00000c10       0x74 ./src/heap_lock_monitor.o
                0x00000c10                heap_monitor_update
 .text.__malloc_lock
                0x00000c84       0x14 ./src/heap_lock_monitor.o
                0x00000c84                __malloc_lock
 .text.__malloc_unlock
                0x00000c98       0x18 ./src/heap_lock_monitor.o
                0x00000c98                __malloc_unlock
 .text.SystemInit
                0x00000cb0        0xc ./src/sysinit.o
                0x00000cb0                SystemInit
 .text._ZL16prvSetupHardwarev
                0x00000cbc       0x1c ./src/usb_cdc.o
 .text._ZL9send_taskPv
                0x00000cd8       0x60 ./src/usb_cdc.o
 .text._ZL12receive_taskPv
                0x00000d38       0x52 ./src/usb_cdc.o
 *fill*         0x00000d8a        0x2 ff
 .text.main     0x00000d8c       0x74 ./src/usb_cdc.o
                0x00000d8c                main
 .text.xQueueGenericReset
                0x00000e00       0xb4 C:\Users\johan\Documents\School\Platforms\MCUXpressoIDE_11.2.0_4120\XY-projektV2\FreeRTOS\Debug\libfreertos.a(queue.o)
                0x00000e00                xQueueGenericReset
 .text.xQueueGenericCreate
                0x00000eb4       0x5c C:\Users\johan\Documents\School\Platforms\MCUXpressoIDE_11.2.0_4120\XY-projektV2\FreeRTOS\Debug\libfreertos.a(queue.o)
                0x00000eb4                xQueueGenericCreate
 .text.prvInitialiseNewQueue
                0x00000f10       0x46 C:\Users\johan\Documents\School\Platforms\MCUXpressoIDE_11.2.0_4120\XY-projektV2\FreeRTOS\Debug\libfreertos.a(queue.o)
 .text.prvInitialiseMutex
                0x00000f56       0x34 C:\Users\johan\Documents\School\Platforms\MCUXpressoIDE_11.2.0_4120\XY-projektV2\FreeRTOS\Debug\libfreertos.a(queue.o)
 .text.xQueueCreateMutex
                0x00000f8a       0x30 C:\Users\johan\Documents\School\Platforms\MCUXpressoIDE_11.2.0_4120\XY-projektV2\FreeRTOS\Debug\libfreertos.a(queue.o)
                0x00000f8a                xQueueCreateMutex
 *fill*         0x00000fba        0x2 ff
 .text.xQueueGenericSend
                0x00000fbc      0x154 C:\Users\johan\Documents\School\Platforms\MCUXpressoIDE_11.2.0_4120\XY-projektV2\FreeRTOS\Debug\libfreertos.a(queue.o)
                0x00000fbc                xQueueGenericSend
 .text.xQueueGenericSendFromISR
                0x00001110       0xb4 C:\Users\johan\Documents\School\Platforms\MCUXpressoIDE_11.2.0_4120\XY-projektV2\FreeRTOS\Debug\libfreertos.a(queue.o)
                0x00001110                xQueueGenericSendFromISR
 .text.xQueueGiveFromISR
                0x000011c4       0xa8 C:\Users\johan\Documents\School\Platforms\MCUXpressoIDE_11.2.0_4120\XY-projektV2\FreeRTOS\Debug\libfreertos.a(queue.o)
                0x000011c4                xQueueGiveFromISR
 .text.xQueueReceive
                0x0000126c      0x144 C:\Users\johan\Documents\School\Platforms\MCUXpressoIDE_11.2.0_4120\XY-projektV2\FreeRTOS\Debug\libfreertos.a(queue.o)
                0x0000126c                xQueueReceive
 .text.xQueueSemaphoreTake
                0x000013b0      0x190 C:\Users\johan\Documents\School\Platforms\MCUXpressoIDE_11.2.0_4120\XY-projektV2\FreeRTOS\Debug\libfreertos.a(queue.o)
                0x000013b0                xQueueSemaphoreTake
 .text.prvGetDisinheritPriorityAfterTimeout
                0x00001540       0x2e C:\Users\johan\Documents\School\Platforms\MCUXpressoIDE_11.2.0_4120\XY-projektV2\FreeRTOS\Debug\libfreertos.a(queue.o)
 .text.prvCopyDataToQueue
                0x0000156e       0xd4 C:\Users\johan\Documents\School\Platforms\MCUXpressoIDE_11.2.0_4120\XY-projektV2\FreeRTOS\Debug\libfreertos.a(queue.o)
 .text.prvCopyDataFromQueue
                0x00001642       0x4c C:\Users\johan\Documents\School\Platforms\MCUXpressoIDE_11.2.0_4120\XY-projektV2\FreeRTOS\Debug\libfreertos.a(queue.o)
 .text.prvUnlockQueue
                0x0000168e       0xa4 C:\Users\johan\Documents\School\Platforms\MCUXpressoIDE_11.2.0_4120\XY-projektV2\FreeRTOS\Debug\libfreertos.a(queue.o)
 .text.prvIsQueueEmpty
                0x00001732       0x2c C:\Users\johan\Documents\School\Platforms\MCUXpressoIDE_11.2.0_4120\XY-projektV2\FreeRTOS\Debug\libfreertos.a(queue.o)
 .text.prvIsQueueFull
                0x0000175e       0x30 C:\Users\johan\Documents\School\Platforms\MCUXpressoIDE_11.2.0_4120\XY-projektV2\FreeRTOS\Debug\libfreertos.a(queue.o)
 *fill*         0x0000178e        0x2 ff
 .text.vQueueAddToRegistry
                0x00001790       0x50 C:\Users\johan\Documents\School\Platforms\MCUXpressoIDE_11.2.0_4120\XY-projektV2\FreeRTOS\Debug\libfreertos.a(queue.o)
                0x00001790                vQueueAddToRegistry
 .text.vQueueWaitForMessageRestricted
                0x000017e0       0x68 C:\Users\johan\Documents\School\Platforms\MCUXpressoIDE_11.2.0_4120\XY-projektV2\FreeRTOS\Debug\libfreertos.a(queue.o)
                0x000017e0                vQueueWaitForMessageRestricted
 .text.xTaskCreate
                0x00001848       0x84 C:\Users\johan\Documents\School\Platforms\MCUXpressoIDE_11.2.0_4120\XY-projektV2\FreeRTOS\Debug\libfreertos.a(tasks.o)
                0x00001848                xTaskCreate
 .text.prvInitialiseNewTask
                0x000018cc      0x184 C:\Users\johan\Documents\School\Platforms\MCUXpressoIDE_11.2.0_4120\XY-projektV2\FreeRTOS\Debug\libfreertos.a(tasks.o)
 .text.prvAddNewTaskToReadyList
                0x00001a50       0xdc C:\Users\johan\Documents\School\Platforms\MCUXpressoIDE_11.2.0_4120\XY-projektV2\FreeRTOS\Debug\libfreertos.a(tasks.o)
 .text.vTaskDelay
                0x00001b2c       0x48 C:\Users\johan\Documents\School\Platforms\MCUXpressoIDE_11.2.0_4120\XY-projektV2\FreeRTOS\Debug\libfreertos.a(tasks.o)
                0x00001b2c                vTaskDelay
 .text.vTaskStartScheduler
                0x00001b74       0xac C:\Users\johan\Documents\School\Platforms\MCUXpressoIDE_11.2.0_4120\XY-projektV2\FreeRTOS\Debug\libfreertos.a(tasks.o)
                0x00001b74                vTaskStartScheduler
 .text.vTaskSuspendAll
                0x00001c20       0x1c C:\Users\johan\Documents\School\Platforms\MCUXpressoIDE_11.2.0_4120\XY-projektV2\FreeRTOS\Debug\libfreertos.a(tasks.o)
                0x00001c20                vTaskSuspendAll
 .text.xTaskResumeAll
                0x00001c3c      0x11c C:\Users\johan\Documents\School\Platforms\MCUXpressoIDE_11.2.0_4120\XY-projektV2\FreeRTOS\Debug\libfreertos.a(tasks.o)
                0x00001c3c                xTaskResumeAll
 .text.xTaskGetTickCount
                0x00001d58       0x1c C:\Users\johan\Documents\School\Platforms\MCUXpressoIDE_11.2.0_4120\XY-projektV2\FreeRTOS\Debug\libfreertos.a(tasks.o)
                0x00001d58                xTaskGetTickCount
 .text.xTaskIncrementTick
                0x00001d74      0x150 C:\Users\johan\Documents\School\Platforms\MCUXpressoIDE_11.2.0_4120\XY-projektV2\FreeRTOS\Debug\libfreertos.a(tasks.o)
                0x00001d74                xTaskIncrementTick
 .text.vTaskSwitchContext
                0x00001ec4       0xe4 C:\Users\johan\Documents\School\Platforms\MCUXpressoIDE_11.2.0_4120\XY-projektV2\FreeRTOS\Debug\libfreertos.a(tasks.o)
                0x00001ec4                vTaskSwitchContext
 .text.vTaskPlaceOnEventList
                0x00001fa8       0x2c C:\Users\johan\Documents\School\Platforms\MCUXpressoIDE_11.2.0_4120\XY-projektV2\FreeRTOS\Debug\libfreertos.a(tasks.o)
                0x00001fa8                vTaskPlaceOnEventList
 .text.vTaskPlaceOnEventListRestricted
                0x00001fd4       0x3c C:\Users\johan\Documents\School\Platforms\MCUXpressoIDE_11.2.0_4120\XY-projektV2\FreeRTOS\Debug\libfreertos.a(tasks.o)
                0x00001fd4                vTaskPlaceOnEventListRestricted
 .text.xTaskRemoveFromEventList
                0x00002010       0xa8 C:\Users\johan\Documents\School\Platforms\MCUXpressoIDE_11.2.0_4120\XY-projektV2\FreeRTOS\Debug\libfreertos.a(tasks.o)
                0x00002010                xTaskRemoveFromEventList
 .text.vTaskInternalSetTimeOutState
                0x000020b8       0x2c C:\Users\johan\Documents\School\Platforms\MCUXpressoIDE_11.2.0_4120\XY-projektV2\FreeRTOS\Debug\libfreertos.a(tasks.o)
                0x000020b8                vTaskInternalSetTimeOutState
 .text.xTaskCheckForTimeOut
                0x000020e4       0x8c C:\Users\johan\Documents\School\Platforms\MCUXpressoIDE_11.2.0_4120\XY-projektV2\FreeRTOS\Debug\libfreertos.a(tasks.o)
                0x000020e4                xTaskCheckForTimeOut
 .text.vTaskMissedYield
                0x00002170       0x18 C:\Users\johan\Documents\School\Platforms\MCUXpressoIDE_11.2.0_4120\XY-projektV2\FreeRTOS\Debug\libfreertos.a(tasks.o)
                0x00002170                vTaskMissedYield
 .text.prvIdleTask
                0x00002188        0xe C:\Users\johan\Documents\School\Platforms\MCUXpressoIDE_11.2.0_4120\XY-projektV2\FreeRTOS\Debug\libfreertos.a(tasks.o)
 *fill*         0x00002196        0x2 ff
 .text.prvInitialiseTaskLists
                0x00002198       0x80 C:\Users\johan\Documents\School\Platforms\MCUXpressoIDE_11.2.0_4120\XY-projektV2\FreeRTOS\Debug\libfreertos.a(tasks.o)
 .text.prvCheckTasksWaitingTermination
                0x00002218       0x5c C:\Users\johan\Documents\School\Platforms\MCUXpressoIDE_11.2.0_4120\XY-projektV2\FreeRTOS\Debug\libfreertos.a(tasks.o)
 .text.prvDeleteTCB
                0x00002274       0x2a C:\Users\johan\Documents\School\Platforms\MCUXpressoIDE_11.2.0_4120\XY-projektV2\FreeRTOS\Debug\libfreertos.a(tasks.o)
 *fill*         0x0000229e        0x2 ff
 .text.prvResetNextTaskUnblockTime
                0x000022a0       0x40 C:\Users\johan\Documents\School\Platforms\MCUXpressoIDE_11.2.0_4120\XY-projektV2\FreeRTOS\Debug\libfreertos.a(tasks.o)
 .text.xTaskGetSchedulerState
                0x000022e0       0x3c C:\Users\johan\Documents\School\Platforms\MCUXpressoIDE_11.2.0_4120\XY-projektV2\FreeRTOS\Debug\libfreertos.a(tasks.o)
                0x000022e0                xTaskGetSchedulerState
 .text.xTaskPriorityInherit
                0x0000231c      0x100 C:\Users\johan\Documents\School\Platforms\MCUXpressoIDE_11.2.0_4120\XY-projektV2\FreeRTOS\Debug\libfreertos.a(tasks.o)
                0x0000231c                xTaskPriorityInherit
 .text.xTaskPriorityDisinherit
                0x0000241c       0xc8 C:\Users\johan\Documents\School\Platforms\MCUXpressoIDE_11.2.0_4120\XY-projektV2\FreeRTOS\Debug\libfreertos.a(tasks.o)
                0x0000241c                xTaskPriorityDisinherit
 .text.vTaskPriorityDisinheritAfterTimeout
                0x000024e4       0xf0 C:\Users\johan\Documents\School\Platforms\MCUXpressoIDE_11.2.0_4120\XY-projektV2\FreeRTOS\Debug\libfreertos.a(tasks.o)
                0x000024e4                vTaskPriorityDisinheritAfterTimeout
 .text.pvTaskIncrementMutexHeldCount
                0x000025d4       0x28 C:\Users\johan\Documents\School\Platforms\MCUXpressoIDE_11.2.0_4120\XY-projektV2\FreeRTOS\Debug\libfreertos.a(tasks.o)
                0x000025d4                pvTaskIncrementMutexHeldCount
 .text.prvAddCurrentTaskToDelayedList
                0x000025fc       0xcc C:\Users\johan\Documents\School\Platforms\MCUXpressoIDE_11.2.0_4120\XY-projektV2\FreeRTOS\Debug\libfreertos.a(tasks.o)
 .text.xTimerCreateTimerTask
                0x000026c8       0x48 C:\Users\johan\Documents\School\Platforms\MCUXpressoIDE_11.2.0_4120\XY-projektV2\FreeRTOS\Debug\libfreertos.a(timers.o)
                0x000026c8                xTimerCreateTimerTask
 .text.xTimerGenericCommand
                0x00002710       0x80 C:\Users\johan\Documents\School\Platforms\MCUXpressoIDE_11.2.0_4120\XY-projektV2\FreeRTOS\Debug\libfreertos.a(timers.o)
                0x00002710                xTimerGenericCommand
 .text.prvProcessExpiredTimer
                0x00002790       0x80 C:\Users\johan\Documents\School\Platforms\MCUXpressoIDE_11.2.0_4120\XY-projektV2\FreeRTOS\Debug\libfreertos.a(timers.o)
 .text.prvTimerTask
                0x00002810       0x24 C:\Users\johan\Documents\School\Platforms\MCUXpressoIDE_11.2.0_4120\XY-projektV2\FreeRTOS\Debug\libfreertos.a(timers.o)
 .text.prvProcessTimerOrBlockTask
                0x00002834       0x9c C:\Users\johan\Documents\School\Platforms\MCUXpressoIDE_11.2.0_4120\XY-projektV2\FreeRTOS\Debug\libfreertos.a(timers.o)
 .text.prvGetNextExpireTime
                0x000028d0       0x44 C:\Users\johan\Documents\School\Platforms\MCUXpressoIDE_11.2.0_4120\XY-projektV2\FreeRTOS\Debug\libfreertos.a(timers.o)
 .text.prvSampleTimeNow
                0x00002914       0x40 C:\Users\johan\Documents\School\Platforms\MCUXpressoIDE_11.2.0_4120\XY-projektV2\FreeRTOS\Debug\libfreertos.a(timers.o)
 .text.prvInsertTimerInActiveList
                0x00002954       0x84 C:\Users\johan\Documents\School\Platforms\MCUXpressoIDE_11.2.0_4120\XY-projektV2\FreeRTOS\Debug\libfreertos.a(timers.o)
 .text.prvProcessReceivedCommands
                0x000029d8      0x170 C:\Users\johan\Documents\School\Platforms\MCUXpressoIDE_11.2.0_4120\XY-projektV2\FreeRTOS\Debug\libfreertos.a(timers.o)
 .text.prvSwitchTimerLists
                0x00002b48       0xac C:\Users\johan\Documents\School\Platforms\MCUXpressoIDE_11.2.0_4120\XY-projektV2\FreeRTOS\Debug\libfreertos.a(timers.o)
 .text.prvCheckForValidListAndQueue
                0x00002bf4       0x6c C:\Users\johan\Documents\School\Platforms\MCUXpressoIDE_11.2.0_4120\XY-projektV2\FreeRTOS\Debug\libfreertos.a(timers.o)
 .text.pvPortMalloc
                0x00002c60       0x2e C:\Users\johan\Documents\School\Platforms\MCUXpressoIDE_11.2.0_4120\XY-projektV2\FreeRTOS\Debug\libfreertos.a(heap_3.o)
                0x00002c60                pvPortMalloc
 .text.vPortFree
                0x00002c8e       0x24 C:\Users\johan\Documents\School\Platforms\MCUXpressoIDE_11.2.0_4120\XY-projektV2\FreeRTOS\Debug\libfreertos.a(heap_3.o)
                0x00002c8e                vPortFree
 *fill*         0x00002cb2        0x2 ff
 .text.pxPortInitialiseStack
                0x00002cb4       0x58 C:\Users\johan\Documents\School\Platforms\MCUXpressoIDE_11.2.0_4120\XY-projektV2\FreeRTOS\Debug\libfreertos.a(port.o)
                0x00002cb4                pxPortInitialiseStack
 .text.prvTaskExitError
                0x00002d0c       0x32 C:\Users\johan\Documents\School\Platforms\MCUXpressoIDE_11.2.0_4120\XY-projektV2\FreeRTOS\Debug\libfreertos.a(port.o)
 *fill*         0x00002d3e        0x2 ff
 .text.SVC_Handler
                0x00002d40       0x28 C:\Users\johan\Documents\School\Platforms\MCUXpressoIDE_11.2.0_4120\XY-projektV2\FreeRTOS\Debug\libfreertos.a(port.o)
                0x00002d40                SVC_Handler
 .text.prvPortStartFirstTask
                0x00002d68       0x20 C:\Users\johan\Documents\School\Platforms\MCUXpressoIDE_11.2.0_4120\XY-projektV2\FreeRTOS\Debug\libfreertos.a(port.o)
 .text.xPortStartScheduler
                0x00002d88       0x40 C:\Users\johan\Documents\School\Platforms\MCUXpressoIDE_11.2.0_4120\XY-projektV2\FreeRTOS\Debug\libfreertos.a(port.o)
                0x00002d88                xPortStartScheduler
 .text.vPortEnterCritical
                0x00002dc8       0x34 C:\Users\johan\Documents\School\Platforms\MCUXpressoIDE_11.2.0_4120\XY-projektV2\FreeRTOS\Debug\libfreertos.a(port.o)
                0x00002dc8                vPortEnterCritical
 .text.vPortExitCritical
                0x00002dfc       0x34 C:\Users\johan\Documents\School\Platforms\MCUXpressoIDE_11.2.0_4120\XY-projektV2\FreeRTOS\Debug\libfreertos.a(port.o)
                0x00002dfc                vPortExitCritical
 .text.PendSV_Handler
                0x00002e30       0x48 C:\Users\johan\Documents\School\Platforms\MCUXpressoIDE_11.2.0_4120\XY-projektV2\FreeRTOS\Debug\libfreertos.a(port.o)
                0x00002e30                PendSV_Handler
 .text.SysTick_Handler
                0x00002e78       0x44 C:\Users\johan\Documents\School\Platforms\MCUXpressoIDE_11.2.0_4120\XY-projektV2\FreeRTOS\Debug\libfreertos.a(port.o)
                0x00002e78                SysTick_Handler
 .text.vPortSetupTimerInterrupt
                0x00002ebc       0x44 C:\Users\johan\Documents\School\Platforms\MCUXpressoIDE_11.2.0_4120\XY-projektV2\FreeRTOS\Debug\libfreertos.a(port.o)
                0x00002ebc                vPortSetupTimerInterrupt
 .text.vApplicationMallocFailedHook
                0x00002f00       0x1e C:\Users\johan\Documents\School\Platforms\MCUXpressoIDE_11.2.0_4120\XY-projektV2\FreeRTOS\Debug\libfreertos.a(FreeRTOSCommonHooks.o)
                0x00002f00                vApplicationMallocFailedHook
 .text.vApplicationStackOverflowHook
                0x00002f1e       0x22 C:\Users\johan\Documents\School\Platforms\MCUXpressoIDE_11.2.0_4120\XY-projektV2\FreeRTOS\Debug\libfreertos.a(FreeRTOSCommonHooks.o)
                0x00002f1e                vApplicationStackOverflowHook
 .text.vListInitialise
                0x00002f40       0x3e C:\Users\johan\Documents\School\Platforms\MCUXpressoIDE_11.2.0_4120\XY-projektV2\FreeRTOS\Debug\libfreertos.a(list.o)
                0x00002f40                vListInitialise
 .text.vListInitialiseItem
                0x00002f7e       0x18 C:\Users\johan\Documents\School\Platforms\MCUXpressoIDE_11.2.0_4120\XY-projektV2\FreeRTOS\Debug\libfreertos.a(list.o)
                0x00002f7e                vListInitialiseItem
 .text.vListInsertEnd
                0x00002f96       0x46 C:\Users\johan\Documents\School\Platforms\MCUXpressoIDE_11.2.0_4120\XY-projektV2\FreeRTOS\Debug\libfreertos.a(list.o)
                0x00002f96                vListInsertEnd
 .text.vListInsert
                0x00002fdc       0x70 C:\Users\johan\Documents\School\Platforms\MCUXpressoIDE_11.2.0_4120\XY-projektV2\FreeRTOS\Debug\libfreertos.a(list.o)
                0x00002fdc                vListInsert
 .text.uxListRemove
                0x0000304c       0x52 C:\Users\johan\Documents\School\Platforms\MCUXpressoIDE_11.2.0_4120\XY-projektV2\FreeRTOS\Debug\libfreertos.a(list.o)
                0x0000304c                uxListRemove
 .text.Chip_IOCON_PinMuxSet
                0x0000309e       0x2c C:\Users\johan\Documents\School\Platforms\MCUXpressoIDE_11.2.0_4120\XY-projektV2\lpc_board_nxp_lpcxpresso_1549\Debug\liblpc_board_nxp_lpcxpresso_1549.a(board.o)
 .text.Chip_SWM_MovablePortPinAssign
                0x000030ca       0x30 C:\Users\johan\Documents\School\Platforms\MCUXpressoIDE_11.2.0_4120\XY-projektV2\lpc_board_nxp_lpcxpresso_1549\Debug\liblpc_board_nxp_lpcxpresso_1549.a(board.o)
 .text.Chip_GPIO_SetPinState
                0x000030fa       0x36 C:\Users\johan\Documents\School\Platforms\MCUXpressoIDE_11.2.0_4120\XY-projektV2\lpc_board_nxp_lpcxpresso_1549\Debug\liblpc_board_nxp_lpcxpresso_1549.a(board.o)
 .text.Chip_GPIO_SetPinDIROutput
                0x00003130       0x3c C:\Users\johan\Documents\School\Platforms\MCUXpressoIDE_11.2.0_4120\XY-projektV2\lpc_board_nxp_lpcxpresso_1549\Debug\liblpc_board_nxp_lpcxpresso_1549.a(board.o)
 .text.Chip_UART_Enable
                0x0000316c       0x1e C:\Users\johan\Documents\School\Platforms\MCUXpressoIDE_11.2.0_4120\XY-projektV2\lpc_board_nxp_lpcxpresso_1549\Debug\liblpc_board_nxp_lpcxpresso_1549.a(board.o)
 .text.Chip_UART_TXEnable
                0x0000318a       0x1e C:\Users\johan\Documents\School\Platforms\MCUXpressoIDE_11.2.0_4120\XY-projektV2\lpc_board_nxp_lpcxpresso_1549\Debug\liblpc_board_nxp_lpcxpresso_1549.a(board.o)
 .text.Chip_UART_ConfigData
                0x000031a8       0x28 C:\Users\johan\Documents\School\Platforms\MCUXpressoIDE_11.2.0_4120\XY-projektV2\lpc_board_nxp_lpcxpresso_1549\Debug\liblpc_board_nxp_lpcxpresso_1549.a(board.o)
 .text.Board_Debug_Init
                0x000031d0       0x70 C:\Users\johan\Documents\School\Platforms\MCUXpressoIDE_11.2.0_4120\XY-projektV2\lpc_board_nxp_lpcxpresso_1549\Debug\liblpc_board_nxp_lpcxpresso_1549.a(board.o)
                0x000031d0                Board_Debug_Init
 .text.Board_LED_Init
                0x00003240       0x60 C:\Users\johan\Documents\School\Platforms\MCUXpressoIDE_11.2.0_4120\XY-projektV2\lpc_board_nxp_lpcxpresso_1549\Debug\liblpc_board_nxp_lpcxpresso_1549.a(board.o)
 .text.Board_LED_Set
                0x000032a0       0x54 C:\Users\johan\Documents\School\Platforms\MCUXpressoIDE_11.2.0_4120\XY-projektV2\lpc_board_nxp_lpcxpresso_1549\Debug\liblpc_board_nxp_lpcxpresso_1549.a(board.o)
                0x000032a0                Board_LED_Set
 .text.Board_Init
                0x000032f4       0x18 C:\Users\johan\Documents\School\Platforms\MCUXpressoIDE_11.2.0_4120\XY-projektV2\lpc_board_nxp_lpcxpresso_1549\Debug\liblpc_board_nxp_lpcxpresso_1549.a(board.o)
                0x000032f4                Board_Init
 .text.Chip_SYSCTL_PeriphReset
                0x0000330c       0x22 C:\Users\johan\Documents\School\Platforms\MCUXpressoIDE_11.2.0_4120\XY-projektV2\lpc_board_nxp_lpcxpresso_1549\Debug\liblpc_board_nxp_lpcxpresso_1549.a(board_sysinit.o)
 *fill*         0x0000332e        0x2 ff
 .text.Chip_Clock_SetUSBPLLSource
                0x00003330       0x20 C:\Users\johan\Documents\School\Platforms\MCUXpressoIDE_11.2.0_4120\XY-projektV2\lpc_board_nxp_lpcxpresso_1549\Debug\liblpc_board_nxp_lpcxpresso_1549.a(board_sysinit.o)
 .text.Chip_Clock_SetupUSBPLL
                0x00003350       0x34 C:\Users\johan\Documents\School\Platforms\MCUXpressoIDE_11.2.0_4120\XY-projektV2\lpc_board_nxp_lpcxpresso_1549\Debug\liblpc_board_nxp_lpcxpresso_1549.a(board_sysinit.o)
 .text.Chip_Clock_IsUSBPLLLocked
                0x00003384       0x24 C:\Users\johan\Documents\School\Platforms\MCUXpressoIDE_11.2.0_4120\XY-projektV2\lpc_board_nxp_lpcxpresso_1549\Debug\liblpc_board_nxp_lpcxpresso_1549.a(board_sysinit.o)
 .text.Chip_Clock_SetSysTickClockDiv
                0x000033a8       0x20 C:\Users\johan\Documents\School\Platforms\MCUXpressoIDE_11.2.0_4120\XY-projektV2\lpc_board_nxp_lpcxpresso_1549\Debug\liblpc_board_nxp_lpcxpresso_1549.a(board_sysinit.o)
 .text.Chip_SWM_MovablePortPinAssign
                0x000033c8       0x30 C:\Users\johan\Documents\School\Platforms\MCUXpressoIDE_11.2.0_4120\XY-projektV2\lpc_board_nxp_lpcxpresso_1549\Debug\liblpc_board_nxp_lpcxpresso_1549.a(board_sysinit.o)
 .text.Board_SetupMuxing
                0x000033f8       0x84 C:\Users\johan\Documents\School\Platforms\MCUXpressoIDE_11.2.0_4120\XY-projektV2\lpc_board_nxp_lpcxpresso_1549\Debug\liblpc_board_nxp_lpcxpresso_1549.a(board_sysinit.o)
                0x000033f8                Board_SetupMuxing
 .text.Board_SetupClocking
                0x0000347c       0x3a C:\Users\johan\Documents\School\Platforms\MCUXpressoIDE_11.2.0_4120\XY-projektV2\lpc_board_nxp_lpcxpresso_1549\Debug\liblpc_board_nxp_lpcxpresso_1549.a(board_sysinit.o)
                0x0000347c                Board_SetupClocking
 *fill*         0x000034b6        0x2 ff
 .text.Board_SystemInit
                0x000034b8       0x1c C:\Users\johan\Documents\School\Platforms\MCUXpressoIDE_11.2.0_4120\XY-projektV2\lpc_board_nxp_lpcxpresso_1549\Debug\liblpc_board_nxp_lpcxpresso_1549.a(board_sysinit.o)
                0x000034b8                Board_SystemInit
 .text.Chip_SYSCTL_PeriphReset
                0x000034d4       0x22 C:\Users\johan\Documents\School\Platforms\MCUXpressoIDE_11.2.0_4120\XY-projektV2\lpc_chip_15xx\Debug\liblpc_chip_15xx.a(chip_15xx.o)
 *fill*         0x000034f6        0x2 ff
 .text.Chip_Clock_SetUSBClockSource
                0x000034f8       0x2c C:\Users\johan\Documents\School\Platforms\MCUXpressoIDE_11.2.0_4120\XY-projektV2\lpc_chip_15xx\Debug\liblpc_chip_15xx.a(chip_15xx.o)
 .text.Chip_Clock_SetUSBPLLSource
                0x00003524       0x20 C:\Users\johan\Documents\School\Platforms\MCUXpressoIDE_11.2.0_4120\XY-projektV2\lpc_chip_15xx\Debug\liblpc_chip_15xx.a(chip_15xx.o)
 .text.Chip_Clock_SetupUSBPLL
                0x00003544       0x34 C:\Users\johan\Documents\School\Platforms\MCUXpressoIDE_11.2.0_4120\XY-projektV2\lpc_chip_15xx\Debug\liblpc_chip_15xx.a(chip_15xx.o)
 .text.Chip_Clock_IsUSBPLLLocked
                0x00003578       0x24 C:\Users\johan\Documents\School\Platforms\MCUXpressoIDE_11.2.0_4120\XY-projektV2\lpc_chip_15xx\Debug\liblpc_chip_15xx.a(chip_15xx.o)
 .text.SystemCoreClockUpdate
                0x0000359c       0x18 C:\Users\johan\Documents\School\Platforms\MCUXpressoIDE_11.2.0_4120\XY-projektV2\lpc_chip_15xx\Debug\liblpc_chip_15xx.a(chip_15xx.o)
                0x0000359c                SystemCoreClockUpdate
 .text.Chip_USB_Init
                0x000035b4       0x4c C:\Users\johan\Documents\School\Platforms\MCUXpressoIDE_11.2.0_4120\XY-projektV2\lpc_chip_15xx\Debug\liblpc_chip_15xx.a(chip_15xx.o)
                0x000035b4                Chip_USB_Init
 .text.Chip_Clock_SetMain_A_ClockSource
                0x00003600       0x20 C:\Users\johan\Documents\School\Platforms\MCUXpressoIDE_11.2.0_4120\XY-projektV2\lpc_chip_15xx\Debug\liblpc_chip_15xx.a(clock_15xx.o)
 .text.Chip_Clock_GetMain_A_ClockSource
                0x00003620       0x18 C:\Users\johan\Documents\School\Platforms\MCUXpressoIDE_11.2.0_4120\XY-projektV2\lpc_chip_15xx\Debug\liblpc_chip_15xx.a(clock_15xx.o)
 .text.Chip_Clock_SetMain_B_ClockSource
                0x00003638       0x20 C:\Users\johan\Documents\School\Platforms\MCUXpressoIDE_11.2.0_4120\XY-projektV2\lpc_chip_15xx\Debug\liblpc_chip_15xx.a(clock_15xx.o)
 .text.Chip_Clock_GetMain_B_ClockSource
                0x00003658       0x18 C:\Users\johan\Documents\School\Platforms\MCUXpressoIDE_11.2.0_4120\XY-projektV2\lpc_chip_15xx\Debug\liblpc_chip_15xx.a(clock_15xx.o)
 .text.Chip_Clock_SetUARTFRGDivider
                0x00003670       0x20 C:\Users\johan\Documents\School\Platforms\MCUXpressoIDE_11.2.0_4120\XY-projektV2\lpc_chip_15xx\Debug\liblpc_chip_15xx.a(clock_15xx.o)
 .text.Chip_Clock_GetUARTFRGDivider
                0x00003690       0x18 C:\Users\johan\Documents\School\Platforms\MCUXpressoIDE_11.2.0_4120\XY-projektV2\lpc_chip_15xx\Debug\liblpc_chip_15xx.a(clock_15xx.o)
 .text.Chip_Clock_GetMainOscRate
                0x000036a8       0x14 C:\Users\johan\Documents\School\Platforms\MCUXpressoIDE_11.2.0_4120\XY-projektV2\lpc_chip_15xx\Debug\liblpc_chip_15xx.a(clock_15xx.o)
 .text.Chip_Clock_GetIntOscRate
                0x000036bc       0x14 C:\Users\johan\Documents\School\Platforms\MCUXpressoIDE_11.2.0_4120\XY-projektV2\lpc_chip_15xx\Debug\liblpc_chip_15xx.a(clock_15xx.o)
 .text.Chip_Clock_GetRTCOscRate
                0x000036d0       0x14 C:\Users\johan\Documents\School\Platforms\MCUXpressoIDE_11.2.0_4120\XY-projektV2\lpc_chip_15xx\Debug\liblpc_chip_15xx.a(clock_15xx.o)
 .text.Chip_Clock_GetWDTOSCRate
                0x000036e4       0x14 C:\Users\johan\Documents\School\Platforms\MCUXpressoIDE_11.2.0_4120\XY-projektV2\lpc_chip_15xx\Debug\liblpc_chip_15xx.a(clock_15xx.o)
 .text.Chip_Clock_GetPLLFreq
                0x000036f8       0x26 C:\Users\johan\Documents\School\Platforms\MCUXpressoIDE_11.2.0_4120\XY-projektV2\lpc_chip_15xx\Debug\liblpc_chip_15xx.a(clock_15xx.o)
 .text.Chip_Clock_GetPLLInClockRate
                0x0000371e       0x38 C:\Users\johan\Documents\School\Platforms\MCUXpressoIDE_11.2.0_4120\XY-projektV2\lpc_chip_15xx\Debug\liblpc_chip_15xx.a(clock_15xx.o)
 *fill*         0x00003756        0x2 ff
 .text.Chip_Clock_GetSystemPLLInClockRate
                0x00003758       0x1c C:\Users\johan\Documents\School\Platforms\MCUXpressoIDE_11.2.0_4120\XY-projektV2\lpc_chip_15xx\Debug\liblpc_chip_15xx.a(clock_15xx.o)
                0x00003758                Chip_Clock_GetSystemPLLInClockRate
 .text.Chip_Clock_GetSystemPLLOutClockRate
                0x00003774       0x24 C:\Users\johan\Documents\School\Platforms\MCUXpressoIDE_11.2.0_4120\XY-projektV2\lpc_chip_15xx\Debug\liblpc_chip_15xx.a(clock_15xx.o)
                0x00003774                Chip_Clock_GetSystemPLLOutClockRate
 .text.Chip_Clock_GetMain_A_ClockRate
                0x00003798       0x4a C:\Users\johan\Documents\School\Platforms\MCUXpressoIDE_11.2.0_4120\XY-projektV2\lpc_chip_15xx\Debug\liblpc_chip_15xx.a(clock_15xx.o)
                0x00003798                Chip_Clock_GetMain_A_ClockRate
 *fill*         0x000037e2        0x2 ff
 .text.Chip_Clock_GetMain_B_ClockRate
                0x000037e4       0x58 C:\Users\johan\Documents\School\Platforms\MCUXpressoIDE_11.2.0_4120\XY-projektV2\lpc_chip_15xx\Debug\liblpc_chip_15xx.a(clock_15xx.o)
                0x000037e4                Chip_Clock_GetMain_B_ClockRate
 .text.Chip_Clock_SetMainClockSource
                0x0000383c       0x3c C:\Users\johan\Documents\School\Platforms\MCUXpressoIDE_11.2.0_4120\XY-projektV2\lpc_chip_15xx\Debug\liblpc_chip_15xx.a(clock_15xx.o)
                0x0000383c                Chip_Clock_SetMainClockSource
 .text.Chip_Clock_GetMainClockRate
                0x00003878       0x28 C:\Users\johan\Documents\School\Platforms\MCUXpressoIDE_11.2.0_4120\XY-projektV2\lpc_chip_15xx\Debug\liblpc_chip_15xx.a(clock_15xx.o)
                0x00003878                Chip_Clock_GetMainClockRate
 .text.Chip_Clock_EnablePeriphClock
                0x000038a0       0x58 C:\Users\johan\Documents\School\Platforms\MCUXpressoIDE_11.2.0_4120\XY-projektV2\lpc_chip_15xx\Debug\liblpc_chip_15xx.a(clock_15xx.o)
                0x000038a0                Chip_Clock_EnablePeriphClock
 .text.Chip_Clock_GetUARTBaseClockRate
                0x000038f8       0x8c C:\Users\johan\Documents\School\Platforms\MCUXpressoIDE_11.2.0_4120\XY-projektV2\lpc_chip_15xx\Debug\liblpc_chip_15xx.a(clock_15xx.o)
                0x000038f8                Chip_Clock_GetUARTBaseClockRate
 .text.Chip_Clock_SetUARTBaseClockRate
                0x00003984       0xa4 C:\Users\johan\Documents\School\Platforms\MCUXpressoIDE_11.2.0_4120\XY-projektV2\lpc_chip_15xx\Debug\liblpc_chip_15xx.a(clock_15xx.o)
                0x00003984                Chip_Clock_SetUARTBaseClockRate
 .text.Chip_Clock_GetSystemClockRate
                0x00003a28       0x1c C:\Users\johan\Documents\School\Platforms\MCUXpressoIDE_11.2.0_4120\XY-projektV2\lpc_chip_15xx\Debug\liblpc_chip_15xx.a(clock_15xx.o)
                0x00003a28                Chip_Clock_GetSystemClockRate
 .text.Chip_SYSCTL_PeriphReset
                0x00003a44       0x22 C:\Users\johan\Documents\School\Platforms\MCUXpressoIDE_11.2.0_4120\XY-projektV2\lpc_chip_15xx\Debug\liblpc_chip_15xx.a(gpio_15xx.o)
 .text.Chip_GPIO_Init
                0x00003a66       0x2e C:\Users\johan\Documents\School\Platforms\MCUXpressoIDE_11.2.0_4120\XY-projektV2\lpc_chip_15xx\Debug\liblpc_chip_15xx.a(gpio_15xx.o)
                0x00003a66                Chip_GPIO_Init
 .text.Chip_IOCON_PinMuxSet
                0x00003a94       0x2c C:\Users\johan\Documents\School\Platforms\MCUXpressoIDE_11.2.0_4120\XY-projektV2\lpc_chip_15xx\Debug\liblpc_chip_15xx.a(iocon_15xx.o)
 .text.Chip_IOCON_SetPinMuxing
                0x00003ac0       0x50 C:\Users\johan\Documents\School\Platforms\MCUXpressoIDE_11.2.0_4120\XY-projektV2\lpc_chip_15xx\Debug\liblpc_chip_15xx.a(iocon_15xx.o)
                0x00003ac0                Chip_IOCON_SetPinMuxing
 .text.Chip_SWM_MovablePinAssign
                0x00003b10       0x5c C:\Users\johan\Documents\School\Platforms\MCUXpressoIDE_11.2.0_4120\XY-projektV2\lpc_chip_15xx\Debug\liblpc_chip_15xx.a(swm_15xx.o)
                0x00003b10                Chip_SWM_MovablePinAssign
 .text.Chip_SYSCTL_AssertPeriphReset
                0x00003b6c       0x4c C:\Users\johan\Documents\School\Platforms\MCUXpressoIDE_11.2.0_4120\XY-projektV2\lpc_chip_15xx\Debug\liblpc_chip_15xx.a(sysctl_15xx.o)
                0x00003b6c                Chip_SYSCTL_AssertPeriphReset
 .text.Chip_SYSCTL_DeassertPeriphReset
                0x00003bb8       0x50 C:\Users\johan\Documents\School\Platforms\MCUXpressoIDE_11.2.0_4120\XY-projektV2\lpc_chip_15xx\Debug\liblpc_chip_15xx.a(sysctl_15xx.o)
                0x00003bb8                Chip_SYSCTL_DeassertPeriphReset
 .text.Chip_SYSCTL_PowerDown
                0x00003c08       0x40 C:\Users\johan\Documents\School\Platforms\MCUXpressoIDE_11.2.0_4120\XY-projektV2\lpc_chip_15xx\Debug\liblpc_chip_15xx.a(sysctl_15xx.o)
                0x00003c08                Chip_SYSCTL_PowerDown
 .text.Chip_SYSCTL_PowerUp
                0x00003c48       0x40 C:\Users\johan\Documents\School\Platforms\MCUXpressoIDE_11.2.0_4120\XY-projektV2\lpc_chip_15xx\Debug\liblpc_chip_15xx.a(sysctl_15xx.o)
                0x00003c48                Chip_SYSCTL_PowerUp
 .text.Chip_FMC_SetFLASHAccess
                0x00003c88       0x38 C:\Users\johan\Documents\School\Platforms\MCUXpressoIDE_11.2.0_4120\XY-projektV2\lpc_chip_15xx\Debug\liblpc_chip_15xx.a(sysinit_15xx.o)
 .text.Chip_Clock_SetSystemPLLSource
                0x00003cc0       0x20 C:\Users\johan\Documents\School\Platforms\MCUXpressoIDE_11.2.0_4120\XY-projektV2\lpc_chip_15xx\Debug\liblpc_chip_15xx.a(sysinit_15xx.o)
 .text.Chip_Clock_SetupSystemPLL
                0x00003ce0       0x34 C:\Users\johan\Documents\School\Platforms\MCUXpressoIDE_11.2.0_4120\XY-projektV2\lpc_chip_15xx\Debug\liblpc_chip_15xx.a(sysinit_15xx.o)
 .text.Chip_Clock_IsSystemPLLLocked
                0x00003d14       0x24 C:\Users\johan\Documents\School\Platforms\MCUXpressoIDE_11.2.0_4120\XY-projektV2\lpc_chip_15xx\Debug\liblpc_chip_15xx.a(sysinit_15xx.o)
 .text.Chip_Clock_SetSysClockDiv
                0x00003d38       0x20 C:\Users\johan\Documents\School\Platforms\MCUXpressoIDE_11.2.0_4120\XY-projektV2\lpc_chip_15xx\Debug\liblpc_chip_15xx.a(sysinit_15xx.o)
 .text.Chip_SetupXtalClocking
                0x00003d58       0x6c C:\Users\johan\Documents\School\Platforms\MCUXpressoIDE_11.2.0_4120\XY-projektV2\lpc_chip_15xx\Debug\liblpc_chip_15xx.a(sysinit_15xx.o)
                0x00003d58                Chip_SetupXtalClocking
 .text.Chip_SYSCTL_PeriphReset
                0x00003dc4       0x22 C:\Users\johan\Documents\School\Platforms\MCUXpressoIDE_11.2.0_4120\XY-projektV2\lpc_chip_15xx\Debug\liblpc_chip_15xx.a(uart_15xx.o)
 *fill*         0x00003de6        0x2 ff
 .text.getUARTClockID
                0x00003de8       0x34 C:\Users\johan\Documents\School\Platforms\MCUXpressoIDE_11.2.0_4120\XY-projektV2\lpc_chip_15xx\Debug\liblpc_chip_15xx.a(uart_15xx.o)
 .text.Chip_UART_Init
                0x00003e1c       0x4c C:\Users\johan\Documents\School\Platforms\MCUXpressoIDE_11.2.0_4120\XY-projektV2\lpc_chip_15xx\Debug\liblpc_chip_15xx.a(uart_15xx.o)
                0x00003e1c                Chip_UART_Init
 .text.Chip_UART_SetBaud
                0x00003e68       0x2a C:\Users\johan\Documents\School\Platforms\MCUXpressoIDE_11.2.0_4120\XY-projektV2\lpc_chip_15xx\Debug\liblpc_chip_15xx.a(uart_15xx.o)
                0x00003e68                Chip_UART_SetBaud
 *fill*         0x00003e92        0x2 ff
 .text          0x00003e94      0x378 c:/nxp/mcuxpressoide_11.2.0_4120/ide/plugins/com.nxp.mcuxpresso.tools.win32_11.2.0.202001021529/tools/bin/../lib/gcc/arm-none-eabi/9.2.1/thumb/v7-m/nofp\libgcc.a(_arm_addsubdf3.o)
                0x00003e94                __aeabi_drsub
                0x00003e9c                __aeabi_dsub
                0x00003e9c                __subdf3
                0x00003ea0                __aeabi_dadd
                0x00003ea0                __adddf3
                0x00004118                __floatunsidf
                0x00004118                __aeabi_ui2d
                0x00004138                __floatsidf
                0x00004138                __aeabi_i2d
                0x0000415c                __aeabi_f2d
                0x0000415c                __extendsfdf2
                0x000041a0                __floatundidf
                0x000041a0                __aeabi_ul2d
                0x000041b0                __floatdidf
                0x000041b0                __aeabi_l2d
 .text          0x0000420c      0x424 c:/nxp/mcuxpressoide_11.2.0_4120/ide/plugins/com.nxp.mcuxpresso.tools.win32_11.2.0.202001021529/tools/bin/../lib/gcc/arm-none-eabi/9.2.1/thumb/v7-m/nofp\libgcc.a(_arm_muldivdf3.o)
                0x0000420c                __aeabi_dmul
                0x0000420c                __muldf3
                0x00004460                __divdf3
                0x00004460                __aeabi_ddiv
 .text          0x00004630       0xa0 c:/nxp/mcuxpressoide_11.2.0_4120/ide/plugins/com.nxp.mcuxpresso.tools.win32_11.2.0.202001021529/tools/bin/../lib/gcc/arm-none-eabi/9.2.1/thumb/v7-m/nofp\libgcc.a(_arm_truncdfsf2.o)
                0x00004630                __truncdfsf2
                0x00004630                __aeabi_d2f
 .text          0x000046d0       0x30 c:/nxp/mcuxpressoide_11.2.0_4120/ide/plugins/com.nxp.mcuxpresso.tools.win32_11.2.0.202001021529/tools/bin/../lib/gcc/arm-none-eabi/9.2.1/thumb/v7-m/nofp\libgcc.a(_aeabi_uldivmod.o)
                0x000046d0                __aeabi_uldivmod
 .text          0x00004700      0x2c4 c:/nxp/mcuxpressoide_11.2.0_4120/ide/plugins/com.nxp.mcuxpresso.tools.win32_11.2.0.202001021529/tools/bin/../lib/gcc/arm-none-eabi/9.2.1/thumb/v7-m/nofp\libgcc.a(_udivmoddi4.o)
                0x00004700                __udivmoddi4
 .text          0x000049c4        0x4 c:/nxp/mcuxpressoide_11.2.0_4120/ide/plugins/com.nxp.mcuxpresso.tools.win32_11.2.0.202001021529/tools/bin/../lib/gcc/arm-none-eabi/9.2.1/thumb/v7-m/nofp\libgcc.a(_dvmd_tls.o)
                0x000049c4                __aeabi_idiv0
                0x000049c4                __aeabi_ldiv0
 .text.__libc_init_array
                0x000049c8       0x48 c:/nxp/mcuxpressoide_11.2.0_4120/ide/plugins/com.nxp.mcuxpresso.tools.win32_11.2.0.202001021529/tools/bin/../lib/gcc/arm-none-eabi/9.2.1/../../../../arm-none-eabi/lib/thumb/v7-m/nofp\libc.a(lib_a-init.o)
                0x000049c8                __libc_init_array
 .text.malloc   0x00004a10       0x10 c:/nxp/mcuxpressoide_11.2.0_4120/ide/plugins/com.nxp.mcuxpresso.tools.win32_11.2.0.202001021529/tools/bin/../lib/gcc/arm-none-eabi/9.2.1/../../../../arm-none-eabi/lib/thumb/v7-m/nofp\libc.a(lib_a-malloc.o)
                0x00004a10                malloc
 .text.free     0x00004a20       0x10 c:/nxp/mcuxpressoide_11.2.0_4120/ide/plugins/com.nxp.mcuxpresso.tools.win32_11.2.0.202001021529/tools/bin/../lib/gcc/arm-none-eabi/9.2.1/../../../../arm-none-eabi/lib/thumb/v7-m/nofp\libc.a(lib_a-malloc.o)
                0x00004a20                free
 .text._malloc_r
                0x00004a30      0x55c c:/nxp/mcuxpressoide_11.2.0_4120/ide/plugins/com.nxp.mcuxpresso.tools.win32_11.2.0.202001021529/tools/bin/../lib/gcc/arm-none-eabi/9.2.1/../../../../arm-none-eabi/lib/thumb/v7-m/nofp\libc.a(lib_a-mallocr.o)
                0x00004a30                _malloc_r
 .text          0x00004f8c       0xec c:/nxp/mcuxpressoide_11.2.0_4120/ide/plugins/com.nxp.mcuxpresso.tools.win32_11.2.0.202001021529/tools/bin/../lib/gcc/arm-none-eabi/9.2.1/../../../../arm-none-eabi/lib/thumb/v7-m/nofp\libc.a(lib_a-memcpy.o)
                0x00004f8c                memcpy
 .text.memset   0x00005078       0xa0 c:/nxp/mcuxpressoide_11.2.0_4120/ide/plugins/com.nxp.mcuxpresso.tools.win32_11.2.0.202001021529/tools/bin/../lib/gcc/arm-none-eabi/9.2.1/../../../../arm-none-eabi/lib/thumb/v7-m/nofp\libc.a(lib_a-memset.o)
                0x00005078                memset
 .text.cleanup_glue
                0x00005118       0x1c c:/nxp/mcuxpressoide_11.2.0_4120/ide/plugins/com.nxp.mcuxpresso.tools.win32_11.2.0.202001021529/tools/bin/../lib/gcc/arm-none-eabi/9.2.1/../../../../arm-none-eabi/lib/thumb/v7-m/nofp\libc.a(lib_a-reent.o)
                0x00005118                cleanup_glue
 .text._reclaim_reent
                0x00005134       0x84 c:/nxp/mcuxpressoide_11.2.0_4120/ide/plugins/com.nxp.mcuxpresso.tools.win32_11.2.0.202001021529/tools/bin/../lib/gcc/arm-none-eabi/9.2.1/../../../../arm-none-eabi/lib/thumb/v7-m/nofp\libc.a(lib_a-reent.o)
                0x00005134                _reclaim_reent
 .text._sbrk_r  0x000051b8       0x24 c:/nxp/mcuxpressoide_11.2.0_4120/ide/plugins/com.nxp.mcuxpresso.tools.win32_11.2.0.202001021529/tools/bin/../lib/gcc/arm-none-eabi/9.2.1/../../../../arm-none-eabi/lib/thumb/v7-m/nofp\libc.a(lib_a-sbrkr.o)
                0x000051b8                _sbrk_r
 .text.sprintf  0x000051dc       0x44 c:/nxp/mcuxpressoide_11.2.0_4120/ide/plugins/com.nxp.mcuxpresso.tools.win32_11.2.0.202001021529/tools/bin/../lib/gcc/arm-none-eabi/9.2.1/../../../../arm-none-eabi/lib/thumb/v7-m/nofp\libc.a(lib_a-sprintf.o)
                0x000051dc                sprintf
 .text.strlen   0x00005220       0x5c c:/nxp/mcuxpressoide_11.2.0_4120/ide/plugins/com.nxp.mcuxpresso.tools.win32_11.2.0.202001021529/tools/bin/../lib/gcc/arm-none-eabi/9.2.1/../../../../arm-none-eabi/lib/thumb/v7-m/nofp\libc.a(lib_a-strlen-stub.o)
                0x00005220                strlen
 .text._svfprintf_r
                0x0000527c     0x1b50 c:/nxp/mcuxpressoide_11.2.0_4120/ide/plugins/com.nxp.mcuxpresso.tools.win32_11.2.0.202001021529/tools/bin/../lib/gcc/arm-none-eabi/9.2.1/../../../../arm-none-eabi/lib/thumb/v7-m/nofp\libc.a(lib_a-svfprintf.o)
                0x0000527c                _svfprintf_r
 .text.quorem   0x00006dcc      0x120 c:/nxp/mcuxpressoide_11.2.0_4120/ide/plugins/com.nxp.mcuxpresso.tools.win32_11.2.0.202001021529/tools/bin/../lib/gcc/arm-none-eabi/9.2.1/../../../../arm-none-eabi/lib/thumb/v7-m/nofp\libc.a(lib_a-dtoa.o)
 *fill*         0x00006eec        0x4 ff
 .text._dtoa_r  0x00006ef0      0xe8c c:/nxp/mcuxpressoide_11.2.0_4120/ide/plugins/com.nxp.mcuxpresso.tools.win32_11.2.0.202001021529/tools/bin/../lib/gcc/arm-none-eabi/9.2.1/../../../../arm-none-eabi/lib/thumb/v7-m/nofp\libc.a(lib_a-dtoa.o)
                0x00006ef0                _dtoa_r
 .text._malloc_trim_r
                0x00007d7c       0xa0 c:/nxp/mcuxpressoide_11.2.0_4120/ide/plugins/com.nxp.mcuxpresso.tools.win32_11.2.0.202001021529/tools/bin/../lib/gcc/arm-none-eabi/9.2.1/../../../../arm-none-eabi/lib/thumb/v7-m/nofp\libc.a(lib_a-freer.o)
                0x00007d7c                _malloc_trim_r
 .text._free_r  0x00007e1c      0x20c c:/nxp/mcuxpressoide_11.2.0_4120/ide/plugins/com.nxp.mcuxpresso.tools.win32_11.2.0.202001021529/tools/bin/../lib/gcc/arm-none-eabi/9.2.1/../../../../arm-none-eabi/lib/thumb/v7-m/nofp\libc.a(lib_a-freer.o)
                0x00007e1c                _free_r
 .text._localeconv_r
                0x00008028        0x8 c:/nxp/mcuxpressoide_11.2.0_4120/ide/plugins/com.nxp.mcuxpresso.tools.win32_11.2.0.202001021529/tools/bin/../lib/gcc/arm-none-eabi/9.2.1/../../../../arm-none-eabi/lib/thumb/v7-m/nofp\libc.a(lib_a-localeconv.o)
                0x00008028                _localeconv_r
 .text.memchr   0x00008030       0x80 c:/nxp/mcuxpressoide_11.2.0_4120/ide/plugins/com.nxp.mcuxpresso.tools.win32_11.2.0.202001021529/tools/bin/../lib/gcc/arm-none-eabi/9.2.1/../../../../arm-none-eabi/lib/thumb/v7-m/nofp\libc.a(lib_a-memchr-stub.o)
                0x00008030                memchr
 .text._Balloc  0x000080b0       0x4c c:/nxp/mcuxpressoide_11.2.0_4120/ide/plugins/com.nxp.mcuxpresso.tools.win32_11.2.0.202001021529/tools/bin/../lib/gcc/arm-none-eabi/9.2.1/../../../../arm-none-eabi/lib/thumb/v7-m/nofp\libc.a(lib_a-mprec.o)
                0x000080b0                _Balloc
 .text._Bfree   0x000080fc       0x14 c:/nxp/mcuxpressoide_11.2.0_4120/ide/plugins/com.nxp.mcuxpresso.tools.win32_11.2.0.202001021529/tools/bin/../lib/gcc/arm-none-eabi/9.2.1/../../../../arm-none-eabi/lib/thumb/v7-m/nofp\libc.a(lib_a-mprec.o)
                0x000080fc                _Bfree
 .text.__multadd
                0x00008110       0x7c c:/nxp/mcuxpressoide_11.2.0_4120/ide/plugins/com.nxp.mcuxpresso.tools.win32_11.2.0.202001021529/tools/bin/../lib/gcc/arm-none-eabi/9.2.1/../../../../arm-none-eabi/lib/thumb/v7-m/nofp\libc.a(lib_a-mprec.o)
                0x00008110                __multadd
 .text.__hi0bits
                0x0000818c       0x40 c:/nxp/mcuxpressoide_11.2.0_4120/ide/plugins/com.nxp.mcuxpresso.tools.win32_11.2.0.202001021529/tools/bin/../lib/gcc/arm-none-eabi/9.2.1/../../../../arm-none-eabi/lib/thumb/v7-m/nofp\libc.a(lib_a-mprec.o)
                0x0000818c                __hi0bits
 .text.__lo0bits
                0x000081cc       0x60 c:/nxp/mcuxpressoide_11.2.0_4120/ide/plugins/com.nxp.mcuxpresso.tools.win32_11.2.0.202001021529/tools/bin/../lib/gcc/arm-none-eabi/9.2.1/../../../../arm-none-eabi/lib/thumb/v7-m/nofp\libc.a(lib_a-mprec.o)
                0x000081cc                __lo0bits
 .text.__i2b    0x0000822c       0x14 c:/nxp/mcuxpressoide_11.2.0_4120/ide/plugins/com.nxp.mcuxpresso.tools.win32_11.2.0.202001021529/tools/bin/../lib/gcc/arm-none-eabi/9.2.1/../../../../arm-none-eabi/lib/thumb/v7-m/nofp\libc.a(lib_a-mprec.o)
                0x0000822c                __i2b
 .text.__multiply
                0x00008240      0x144 c:/nxp/mcuxpressoide_11.2.0_4120/ide/plugins/com.nxp.mcuxpresso.tools.win32_11.2.0.202001021529/tools/bin/../lib/gcc/arm-none-eabi/9.2.1/../../../../arm-none-eabi/lib/thumb/v7-m/nofp\libc.a(lib_a-mprec.o)
                0x00008240                __multiply
 .text.__pow5mult
                0x00008384       0xa0 c:/nxp/mcuxpressoide_11.2.0_4120/ide/plugins/com.nxp.mcuxpresso.tools.win32_11.2.0.202001021529/tools/bin/../lib/gcc/arm-none-eabi/9.2.1/../../../../arm-none-eabi/lib/thumb/v7-m/nofp\libc.a(lib_a-mprec.o)
                0x00008384                __pow5mult
 .text.__lshift
                0x00008424       0xd0 c:/nxp/mcuxpressoide_11.2.0_4120/ide/plugins/com.nxp.mcuxpresso.tools.win32_11.2.0.202001021529/tools/bin/../lib/gcc/arm-none-eabi/9.2.1/../../../../arm-none-eabi/lib/thumb/v7-m/nofp\libc.a(lib_a-mprec.o)
                0x00008424                __lshift
 .text.__mcmp   0x000084f4       0x3c c:/nxp/mcuxpressoide_11.2.0_4120/ide/plugins/com.nxp.mcuxpresso.tools.win32_11.2.0.202001021529/tools/bin/../lib/gcc/arm-none-eabi/9.2.1/../../../../arm-none-eabi/lib/thumb/v7-m/nofp\libc.a(lib_a-mprec.o)
                0x000084f4                __mcmp
 .text.__mdiff  0x00008530      0x138 c:/nxp/mcuxpressoide_11.2.0_4120/ide/plugins/com.nxp.mcuxpresso.tools.win32_11.2.0.202001021529/tools/bin/../lib/gcc/arm-none-eabi/9.2.1/../../../../arm-none-eabi/lib/thumb/v7-m/nofp\libc.a(lib_a-mprec.o)
                0x00008530                __mdiff
 .text.__d2b    0x00008668       0xa8 c:/nxp/mcuxpressoide_11.2.0_4120/ide/plugins/com.nxp.mcuxpresso.tools.win32_11.2.0.202001021529/tools/bin/../lib/gcc/arm-none-eabi/9.2.1/../../../../arm-none-eabi/lib/thumb/v7-m/nofp\libc.a(lib_a-mprec.o)
                0x00008668                __d2b
 .text.frexp    0x00008710       0x70 c:/nxp/mcuxpressoide_11.2.0_4120/ide/plugins/com.nxp.mcuxpresso.tools.win32_11.2.0.202001021529/tools/bin/../lib/gcc/arm-none-eabi/9.2.1/../../../../arm-none-eabi/lib/thumb/v7-m/nofp\libc.a(lib_a-s_frexp.o)
                0x00008710                frexp
 .text.strncpy  0x00008780       0x68 c:/nxp/mcuxpressoide_11.2.0_4120/ide/plugins/com.nxp.mcuxpresso.tools.win32_11.2.0.202001021529/tools/bin/../lib/gcc/arm-none-eabi/9.2.1/../../../../arm-none-eabi/lib/thumb/v7-m/nofp\libc.a(lib_a-strncpy.o)
                0x00008780                strncpy
 .text.__ssprint_r
                0x000087e8       0xf8 c:/nxp/mcuxpressoide_11.2.0_4120/ide/plugins/com.nxp.mcuxpresso.tools.win32_11.2.0.202001021529/tools/bin/../lib/gcc/arm-none-eabi/9.2.1/../../../../arm-none-eabi/lib/thumb/v7-m/nofp\libc.a(lib_a-svfiprintf.o)
                0x000087e8                __ssprint_r
 .text._calloc_r
                0x000088e0       0x60 c:/nxp/mcuxpressoide_11.2.0_4120/ide/plugins/com.nxp.mcuxpresso.tools.win32_11.2.0.202001021529/tools/bin/../lib/gcc/arm-none-eabi/9.2.1/../../../../arm-none-eabi/lib/thumb/v7-m/nofp\libc.a(lib_a-callocr.o)
                0x000088e0                _calloc_r
 .text.__ascii_mbtowc
                0x00008940       0x2c c:/nxp/mcuxpressoide_11.2.0_4120/ide/plugins/com.nxp.mcuxpresso.tools.win32_11.2.0.202001021529/tools/bin/../lib/gcc/arm-none-eabi/9.2.1/../../../../arm-none-eabi/lib/thumb/v7-m/nofp\libc.a(lib_a-mbtowc_r.o)
                0x00008940                __ascii_mbtowc
 .text.memmove  0x0000896c       0xd4 c:/nxp/mcuxpressoide_11.2.0_4120/ide/plugins/com.nxp.mcuxpresso.tools.win32_11.2.0.202001021529/tools/bin/../lib/gcc/arm-none-eabi/9.2.1/../../../../arm-none-eabi/lib/thumb/v7-m/nofp\libc.a(lib_a-memmove.o)
                0x0000896c                memmove
 .text._realloc_r
                0x00008a40      0x3e0 c:/nxp/mcuxpressoide_11.2.0_4120/ide/plugins/com.nxp.mcuxpresso.tools.win32_11.2.0.202001021529/tools/bin/../lib/gcc/arm-none-eabi/9.2.1/../../../../arm-none-eabi/lib/thumb/v7-m/nofp\libc.a(lib_a-reallocr.o)
                0x00008a40                _realloc_r
 .text.__ascii_wctomb
                0x00008e20       0x1c c:/nxp/mcuxpressoide_11.2.0_4120/ide/plugins/com.nxp.mcuxpresso.tools.win32_11.2.0.202001021529/tools/bin/../lib/gcc/arm-none-eabi/9.2.1/../../../../arm-none-eabi/lib/thumb/v7-m/nofp\libc.a(lib_a-wctomb_r.o)
                0x00008e20                __ascii_wctomb
 .text._sbrk    0x00008e3c       0x3c c:/nxp/mcuxpressoide_11.2.0_4120/ide/plugins/com.nxp.mcuxpresso.tools.win32_11.2.0.202001021529/tools/bin/../lib/gcc/arm-none-eabi/9.2.1/../../../../arm-none-eabi/lib/thumb/v7-m/nofp\libcr_newlib_nohost.a(_cr_sbrk.o)
                0x00008e3c                _sbrk
 .text.__check_heap_overflow
                0x00008e78       0x14 c:/nxp/mcuxpressoide_11.2.0_4120/ide/plugins/com.nxp.mcuxpresso.tools.win32_11.2.0.202001021529/tools/bin/../lib/gcc/arm-none-eabi/9.2.1/../../../../arm-none-eabi/lib/thumb/v7-m/nofp\libcr_newlib_nohost.a(_cr_check_heap.o)
                0x00008e78                __check_heap_overflow
 .text          0x00008e8c       0x40 c:/nxp/mcuxpressoide_11.2.0_4120/ide/plugins/com.nxp.mcuxpresso.tools.win32_11.2.0.202001021529/tools/bin/../lib/gcc/arm-none-eabi/9.2.1/thumb/v7-m/nofp\crtbegin.o
 .text          0x00008ecc      0x110 c:/nxp/mcuxpressoide_11.2.0_4120/ide/plugins/com.nxp.mcuxpresso.tools.win32_11.2.0.202001021529/tools/bin/../lib/gcc/arm-none-eabi/9.2.1/thumb/v7-m/nofp\libgcc.a(_arm_cmpdf2.o)
                0x00008ecc                __gtdf2
                0x00008ecc                __gedf2
                0x00008ed4                __ltdf2
                0x00008ed4                __ledf2
                0x00008edc                __nedf2
                0x00008edc                __eqdf2
                0x00008edc                __cmpdf2
                0x00008f58                __aeabi_cdrcmple
                0x00008f68                __aeabi_cdcmpeq
                0x00008f68                __aeabi_cdcmple
                0x00008f78                __aeabi_dcmpeq
                0x00008f8c                __aeabi_dcmplt
                0x00008fa0                __aeabi_dcmple
                0x00008fb4                __aeabi_dcmpge
                0x00008fc8                __aeabi_dcmpgt
 .text          0x00008fdc       0x2c c:/nxp/mcuxpressoide_11.2.0_4120/ide/plugins/com.nxp.mcuxpresso.tools.win32_11.2.0.202001021529/tools/bin/../lib/gcc/arm-none-eabi/9.2.1/thumb/v7-m/nofp\libgcc.a(_arm_unorddf2.o)
                0x00008fdc                __unorddf2
                0x00008fdc                __aeabi_dcmpun
 .text          0x00009008       0x50 c:/nxp/mcuxpressoide_11.2.0_4120/ide/plugins/com.nxp.mcuxpresso.tools.win32_11.2.0.202001021529/tools/bin/../lib/gcc/arm-none-eabi/9.2.1/thumb/v7-m/nofp\libgcc.a(_arm_fixdfsi.o)
                0x00009008                __aeabi_d2iz
                0x00009008                __fixdfsi
 .text.__errno  0x00009058        0xc c:/nxp/mcuxpressoide_11.2.0_4120/ide/plugins/com.nxp.mcuxpresso.tools.win32_11.2.0.202001021529/tools/bin/../lib/gcc/arm-none-eabi/9.2.1/../../../../arm-none-eabi/lib/thumb/v7-m/nofp\libc.a(lib_a-errno.o)
                0x00009058                __errno
 *(.rodata .rodata.* .constdata .constdata.*)
 .rodata.USB_DeviceDescriptor
                0x00009064       0x12 ./src/cdc_desc.o
                0x00009064                USB_DeviceDescriptor
 *fill*         0x00009076        0x2 ff
 .rodata.USB_StringDescriptor
                0x00009078       0x38 ./src/cdc_desc.o
                0x00009078                USB_StringDescriptor
 .rodata.cdc_task.str1.4
                0x000090b0       0x7c ./src/cdc_main.o
 .rodata._ZL9send_taskPv.str1.4
                0x0000912c       0x20 ./src/usb_cdc.o
 .rodata.main.str1.4
                0x0000914c        0xc ./src/usb_cdc.o
 .rodata.vTaskStartScheduler.str1.4
                0x00009158        0x5 C:\Users\johan\Documents\School\Platforms\MCUXpressoIDE_11.2.0_4120\XY-projektV2\FreeRTOS\Debug\libfreertos.a(tasks.o)
 *fill*         0x0000915d        0x3 ff
 .rodata        0x00009160       0x10 C:\Users\johan\Documents\School\Platforms\MCUXpressoIDE_11.2.0_4120\XY-projektV2\FreeRTOS\Debug\libfreertos.a(tasks.o)
                0x00009160                FreeRTOSDebugConfig
 .rodata.xTimerCreateTimerTask.str1.4
                0x00009170        0x8 C:\Users\johan\Documents\School\Platforms\MCUXpressoIDE_11.2.0_4120\XY-projektV2\FreeRTOS\Debug\libfreertos.a(timers.o)
 .rodata.prvCheckForValidListAndQueue.str1.4
                0x00009178        0x5 C:\Users\johan\Documents\School\Platforms\MCUXpressoIDE_11.2.0_4120\XY-projektV2\FreeRTOS\Debug\libfreertos.a(timers.o)
 *fill*         0x0000917d        0x3 ff
 .rodata.OscRateIn
                0x00009180        0x4 C:\Users\johan\Documents\School\Platforms\MCUXpressoIDE_11.2.0_4120\XY-projektV2\lpc_board_nxp_lpcxpresso_1549\Debug\liblpc_board_nxp_lpcxpresso_1549.a(board.o)
                0x00009180                OscRateIn
 .rodata.RTCOscRateIn
                0x00009184        0x4 C:\Users\johan\Documents\School\Platforms\MCUXpressoIDE_11.2.0_4120\XY-projektV2\lpc_board_nxp_lpcxpresso_1549\Debug\liblpc_board_nxp_lpcxpresso_1549.a(board.o)
                0x00009184                RTCOscRateIn
 .rodata.ledpins
                0x00009188        0x3 C:\Users\johan\Documents\School\Platforms\MCUXpressoIDE_11.2.0_4120\XY-projektV2\lpc_board_nxp_lpcxpresso_1549\Debug\liblpc_board_nxp_lpcxpresso_1549.a(board.o)
 *fill*         0x0000918b        0x1 ff
 .rodata.ledports
                0x0000918c        0x3 C:\Users\johan\Documents\School\Platforms\MCUXpressoIDE_11.2.0_4120\XY-projektV2\lpc_board_nxp_lpcxpresso_1549\Debug\liblpc_board_nxp_lpcxpresso_1549.a(board.o)
 *fill*         0x0000918f        0x1 ff
 .rodata.ioconSetup
                0x00009190       0x74 C:\Users\johan\Documents\School\Platforms\MCUXpressoIDE_11.2.0_4120\XY-projektV2\lpc_board_nxp_lpcxpresso_1549\Debug\liblpc_board_nxp_lpcxpresso_1549.a(board_sysinit.o)
 .rodata.swmSetup
                0x00009204        0x6 C:\Users\johan\Documents\School\Platforms\MCUXpressoIDE_11.2.0_4120\XY-projektV2\lpc_board_nxp_lpcxpresso_1549\Debug\liblpc_board_nxp_lpcxpresso_1549.a(board_sysinit.o)
 *fill*         0x0000920a        0x2 ff
 .rodata._svfprintf_r.str1.4
                0x0000920c       0x42 c:/nxp/mcuxpressoide_11.2.0_4120/ide/plugins/com.nxp.mcuxpresso.tools.win32_11.2.0.202001021529/tools/bin/../lib/gcc/arm-none-eabi/9.2.1/../../../../arm-none-eabi/lib/thumb/v7-m/nofp\libc.a(lib_a-svfprintf.o)
 *fill*         0x0000924e        0x2 ff
 .rodata.blanks.7345
                0x00009250       0x10 c:/nxp/mcuxpressoide_11.2.0_4120/ide/plugins/com.nxp.mcuxpresso.tools.win32_11.2.0.202001021529/tools/bin/../lib/gcc/arm-none-eabi/9.2.1/../../../../arm-none-eabi/lib/thumb/v7-m/nofp\libc.a(lib_a-svfprintf.o)
 .rodata.zeroes.7346
                0x00009260       0x10 c:/nxp/mcuxpressoide_11.2.0_4120/ide/plugins/com.nxp.mcuxpresso.tools.win32_11.2.0.202001021529/tools/bin/../lib/gcc/arm-none-eabi/9.2.1/../../../../arm-none-eabi/lib/thumb/v7-m/nofp\libc.a(lib_a-svfprintf.o)
 .rodata._dtoa_r.str1.4
                0x00009270        0xd c:/nxp/mcuxpressoide_11.2.0_4120/ide/plugins/com.nxp.mcuxpresso.tools.win32_11.2.0.202001021529/tools/bin/../lib/gcc/arm-none-eabi/9.2.1/../../../../arm-none-eabi/lib/thumb/v7-m/nofp\libc.a(lib_a-dtoa.o)
                                 0x12 (size before relaxing)
 *fill*         0x0000927d        0x3 ff
 .rodata.__mprec_bigtens
                0x00009280       0x28 c:/nxp/mcuxpressoide_11.2.0_4120/ide/plugins/com.nxp.mcuxpresso.tools.win32_11.2.0.202001021529/tools/bin/../lib/gcc/arm-none-eabi/9.2.1/../../../../arm-none-eabi/lib/thumb/v7-m/nofp\libc.a(lib_a-mprec.o)
                0x00009280                __mprec_bigtens
 .rodata.__mprec_tens
                0x000092a8       0xc8 c:/nxp/mcuxpressoide_11.2.0_4120/ide/plugins/com.nxp.mcuxpresso.tools.win32_11.2.0.202001021529/tools/bin/../lib/gcc/arm-none-eabi/9.2.1/../../../../arm-none-eabi/lib/thumb/v7-m/nofp\libc.a(lib_a-mprec.o)
                0x000092a8                __mprec_tens
 .rodata.p05.6115
                0x00009370        0xc c:/nxp/mcuxpressoide_11.2.0_4120/ide/plugins/com.nxp.mcuxpresso.tools.win32_11.2.0.202001021529/tools/bin/../lib/gcc/arm-none-eabi/9.2.1/../../../../arm-none-eabi/lib/thumb/v7-m/nofp\libc.a(lib_a-mprec.o)
 .rodata._setlocale_r.str1.4
                0x0000937c        0xa c:/nxp/mcuxpressoide_11.2.0_4120/ide/plugins/com.nxp.mcuxpresso.tools.win32_11.2.0.202001021529/tools/bin/../lib/gcc/arm-none-eabi/9.2.1/../../../../arm-none-eabi/lib/thumb/v7-m/nofp\libc.a(lib_a-locale.o)
                                  0xd (size before relaxing)
 *fill*         0x00009386        0x2 ff
 .rodata.str1.4
                0x00009388        0x2 c:/nxp/mcuxpressoide_11.2.0_4120/ide/plugins/com.nxp.mcuxpresso.tools.win32_11.2.0.202001021529/tools/bin/../lib/gcc/arm-none-eabi/9.2.1/../../../../arm-none-eabi/lib/thumb/v7-m/nofp\libc.a(lib_a-locale.o)
 *fill*         0x0000938a        0x2 ff
 .rodata._ctype_
                0x0000938c      0x101 c:/nxp/mcuxpressoide_11.2.0_4120/ide/plugins/com.nxp.mcuxpresso.tools.win32_11.2.0.202001021529/tools/bin/../lib/gcc/arm-none-eabi/9.2.1/../../../../arm-none-eabi/lib/thumb/v7-m/nofp\libc.a(lib_a-ctype_.o)
                0x0000938c                _ctype_
                0x00009490                . = ALIGN (0x4)
 *fill*         0x0000948d        0x3 ff
                0x00009490                . = ALIGN (0x4)
 *(.init)
 .init          0x00009490        0x4 c:/nxp/mcuxpressoide_11.2.0_4120/ide/plugins/com.nxp.mcuxpresso.tools.win32_11.2.0.202001021529/tools/bin/../lib/gcc/arm-none-eabi/9.2.1/thumb/v7-m/nofp\crti.o
                0x00009490                _init
 .init          0x00009494        0x8 c:/nxp/mcuxpressoide_11.2.0_4120/ide/plugins/com.nxp.mcuxpresso.tools.win32_11.2.0.202001021529/tools/bin/../lib/gcc/arm-none-eabi/9.2.1/thumb/v7-m/nofp\crtn.o
                0x0000949c                . = ALIGN (0x4)
                0x0000949c                __preinit_array_start = .
 *(.preinit_array)
                0x0000949c                __preinit_array_end = .
                0x0000949c                . = ALIGN (0x4)
                0x0000949c                __init_array_start = .
 *(SORT_BY_NAME(.init_array.*))
 *(.init_array)
 .init_array    0x0000949c        0x4 c:/nxp/mcuxpressoide_11.2.0_4120/ide/plugins/com.nxp.mcuxpresso.tools.win32_11.2.0.202001021529/tools/bin/../lib/gcc/arm-none-eabi/9.2.1/thumb/v7-m/nofp\crtbegin.o
                0x000094a0                __init_array_end = .
 *(.fini)
 .fini          0x000094a0        0x4 c:/nxp/mcuxpressoide_11.2.0_4120/ide/plugins/com.nxp.mcuxpresso.tools.win32_11.2.0.202001021529/tools/bin/../lib/gcc/arm-none-eabi/9.2.1/thumb/v7-m/nofp\crti.o
                0x000094a0                _fini
 .fini          0x000094a4        0x8 c:/nxp/mcuxpressoide_11.2.0_4120/ide/plugins/com.nxp.mcuxpresso.tools.win32_11.2.0.202001021529/tools/bin/../lib/gcc/arm-none-eabi/9.2.1/thumb/v7-m/nofp\crtn.o
                0x000094ac                . = ALIGN (0x4)
 *crtbegin.o(.ctors)
 *(EXCLUDE_FILE(*crtend.o) .ctors)
 *(SORT_BY_NAME(.ctors.*))
 *crtend.o(.ctors)
                0x000094ac                . = ALIGN (0x4)
 *crtbegin.o(.dtors)
 *(EXCLUDE_FILE(*crtend.o) .dtors)
 *(SORT_BY_NAME(.dtors.*))
 *crtend.o(.dtors)
                0x000094ac                . = ALIGN (0x4)

.glue_7         0x000094ac        0x0
 .glue_7        0x000094ac        0x0 linker stubs

.glue_7t        0x000094ac        0x0
 .glue_7t       0x000094ac        0x0 linker stubs

.vfp11_veneer   0x000094ac        0x0
 .vfp11_veneer  0x000094ac        0x0 linker stubs

.v4_bx          0x000094ac        0x0
 .v4_bx         0x000094ac        0x0 linker stubs

.iplt           0x000094ac        0x0
 .iplt          0x000094ac        0x0 ./src/ITM_write.o

.ARM.extab
 *(.ARM.extab* .gnu.linkonce.armextab.*)

.ARM.exidx      0x000094ac        0x8
                0x000094ac                __exidx_start = .
 *(.ARM.exidx* .gnu.linkonce.armexidx.*)
 .ARM.exidx     0x000094ac        0x8 c:/nxp/mcuxpressoide_11.2.0_4120/ide/plugins/com.nxp.mcuxpresso.tools.win32_11.2.0.202001021529/tools/bin/../lib/gcc/arm-none-eabi/9.2.1/thumb/v7-m/nofp\libgcc.a(_udivmoddi4.o)
                0x000094b4                __exidx_end = .
                0x000094b4                _etext = .

.rel.dyn        0x000094b4        0x0
 .rel.iplt      0x000094b4        0x0 ./src/ITM_write.o

.eh_frame       0x000094b4        0x0
 .eh_frame      0x000094b4        0x0 c:/nxp/mcuxpressoide_11.2.0_4120/ide/plugins/com.nxp.mcuxpresso.tools.win32_11.2.0.202001021529/tools/bin/../lib/gcc/arm-none-eabi/9.2.1/thumb/v7-m/nofp\crtbegin.o

.data_RAM2      0x02008000        0x0 load address 0x000094b4
 FILL mask 0xff
                [!provide]                PROVIDE (__start_data_RAM2 = .)
                [!provide]                PROVIDE (__start_data_Ram2_4 = .)
 *(.ramfunc.$RAM2)
 *(.ramfunc.$Ram2_4)
 *(.data.$RAM2)
 *(.data.$Ram2_4)
 *(.data.$RAM2.*)
 *(.data.$Ram2_4.*)
                0x02008000                . = ALIGN (0x4)
                [!provide]                PROVIDE (__end_data_RAM2 = .)
                [!provide]                PROVIDE (__end_data_Ram2_4 = .)

.uninit_RESERVED
                0x02000000        0x0
                0x02000000                _start_uninit_RESERVED = .
 *(.bss.$RESERVED*)
                0x02000000                . = ALIGN (0x4)
                0x02000000                _end_uninit_RESERVED = .

.data           0x02000000      0x9fc load address 0x000094b4
 FILL mask 0xff
                0x02000000                _data = .
                [!provide]                PROVIDE (__start_data_RAM = .)
                [!provide]                PROVIDE (__start_data_Ram0_16_32 = .)
 *(vtable)
 *(.ramfunc*)
 *(CodeQuickAccess)
 *(DataQuickAccess)
 *(RamFunction)
 *(.data*)
 .data.USB_FsConfigDescriptor
                0x02000000       0x4c ./src/cdc_desc.o
                0x02000000                USB_FsConfigDescriptor
 .data.uxCriticalNesting
                0x0200004c        0x4 C:\Users\johan\Documents\School\Platforms\MCUXpressoIDE_11.2.0_4120\XY-projektV2\FreeRTOS\Debug\libfreertos.a(port.o)
 .data._impure_ptr
                0x02000050        0x4 c:/nxp/mcuxpressoide_11.2.0_4120/ide/plugins/com.nxp.mcuxpresso.tools.win32_11.2.0.202001021529/tools/bin/../lib/gcc/arm-none-eabi/9.2.1/../../../../arm-none-eabi/lib/thumb/v7-m/nofp\libc.a(lib_a-impure.o)
                0x02000050                _impure_ptr
 *fill*         0x02000054        0x4 ff
 .data.impure_data
                0x02000058      0x428 c:/nxp/mcuxpressoide_11.2.0_4120/ide/plugins/com.nxp.mcuxpresso.tools.win32_11.2.0.202001021529/tools/bin/../lib/gcc/arm-none-eabi/9.2.1/../../../../arm-none-eabi/lib/thumb/v7-m/nofp\libc.a(lib_a-impure.o)
 .data.__malloc_av_
                0x02000480      0x408 c:/nxp/mcuxpressoide_11.2.0_4120/ide/plugins/com.nxp.mcuxpresso.tools.win32_11.2.0.202001021529/tools/bin/../lib/gcc/arm-none-eabi/9.2.1/../../../../arm-none-eabi/lib/thumb/v7-m/nofp\libc.a(lib_a-mallocr.o)
                0x02000480                __malloc_av_
 .data.__malloc_sbrk_base
                0x02000888        0x4 c:/nxp/mcuxpressoide_11.2.0_4120/ide/plugins/com.nxp.mcuxpresso.tools.win32_11.2.0.202001021529/tools/bin/../lib/gcc/arm-none-eabi/9.2.1/../../../../arm-none-eabi/lib/thumb/v7-m/nofp\libc.a(lib_a-mallocr.o)
                0x02000888                __malloc_sbrk_base
 .data.__malloc_trim_threshold
                0x0200088c        0x4 c:/nxp/mcuxpressoide_11.2.0_4120/ide/plugins/com.nxp.mcuxpresso.tools.win32_11.2.0.202001021529/tools/bin/../lib/gcc/arm-none-eabi/9.2.1/../../../../arm-none-eabi/lib/thumb/v7-m/nofp\libc.a(lib_a-mallocr.o)
                0x0200088c                __malloc_trim_threshold
 .data.__global_locale
                0x02000890      0x16c c:/nxp/mcuxpressoide_11.2.0_4120/ide/plugins/com.nxp.mcuxpresso.tools.win32_11.2.0.202001021529/tools/bin/../lib/gcc/arm-none-eabi/9.2.1/../../../../arm-none-eabi/lib/thumb/v7-m/nofp\libc.a(lib_a-locale.o)
                0x02000890                __global_locale
                0x020009fc                . = ALIGN (0x4)
                0x020009fc                _edata = .
                [!provide]                PROVIDE (__end_data_RAM = .)
                [!provide]                PROVIDE (__end_data_Ram0_16_32 = .)

.igot.plt       0x020009fc        0x0 load address 0x00009eb0
 .igot.plt      0x020009fc        0x0 ./src/ITM_write.o

.bss_RAM2       0x02008000        0x0
                [!provide]                PROVIDE (__start_bss_RAM2 = .)
                [!provide]                PROVIDE (__start_bss_Ram2_4 = .)
 *(.bss.$RAM2)
 *(.bss.$Ram2_4)
 *(.bss.$RAM2.*)
 *(.bss.$Ram2_4.*)
                0x02008000                . = ALIGN ((. != 0x0)?0x4:0x1)
                [!provide]                PROVIDE (__end_bss_RAM2 = .)
                [!provide]                PROVIDE (__end_bss_Ram2_4 = .)

.bss            0x020009fc      0x668
                0x020009fc                _bss = .
                [!provide]                PROVIDE (__start_bss_RAM = .)
                [!provide]                PROVIDE (__start_bss_Ram0_16_32 = .)
 *(.bss*)
 .bss.g_hUsb    0x020009fc        0x4 ./src/cdc_main.o
 .bss.g_rxBuff  0x02000a00      0x400 ./src/cdc_main.o
 .bss.g_pUsbApi
                0x02000e00        0x4 ./src/cdc_main.o
                0x02000e00                g_pUsbApi
 .bss.xCDCEventSemaphore
                0x02000e04        0x4 ./src/cdc_main.o
 .bss.SendMutex
                0x02000e08        0x4 ./src/cdc_main.o
 .bss.SendComplete
                0x02000e0c        0x4 ./src/cdc_main.o
 .bss.SendQueue
                0x02000e10        0x4 ./src/cdc_main.o
 .bss.AllocQueue
                0x02000e14        0x4 ./src/cdc_main.o
 .bss.ReceiveQueue
                0x02000e18        0x4 ./src/cdc_main.o
 .bss.g_vCOM    0x02000e1c       0x14 ./src/cdc_vcom.o
                0x02000e1c                g_vCOM
 .bss.heapTotalSize_
                0x02000e30        0x4 ./src/heap_lock_monitor.o
                0x02000e30                heapTotalSize_
 .bss.heapAmountUsed_
                0x02000e34        0x4 ./src/heap_lock_monitor.o
                0x02000e34                heapAmountUsed_
 .bss.heapPercentageUsed_
                0x02000e38        0x4 ./src/heap_lock_monitor.o
                0x02000e38                heapPercentageUsed_
 .bss.xQueueRegistry
                0x02000e3c       0x50 C:\Users\johan\Documents\School\Platforms\MCUXpressoIDE_11.2.0_4120\XY-projektV2\FreeRTOS\Debug\libfreertos.a(queue.o)
                0x02000e3c                xQueueRegistry
 .bss.pxCurrentTCB
                0x02000e8c        0x4 C:\Users\johan\Documents\School\Platforms\MCUXpressoIDE_11.2.0_4120\XY-projektV2\FreeRTOS\Debug\libfreertos.a(tasks.o)
                0x02000e8c                pxCurrentTCB
 .bss.pxReadyTasksLists
                0x02000e90       0xa0 C:\Users\johan\Documents\School\Platforms\MCUXpressoIDE_11.2.0_4120\XY-projektV2\FreeRTOS\Debug\libfreertos.a(tasks.o)
 .bss.xDelayedTaskList1
                0x02000f30       0x14 C:\Users\johan\Documents\School\Platforms\MCUXpressoIDE_11.2.0_4120\XY-projektV2\FreeRTOS\Debug\libfreertos.a(tasks.o)
 .bss.xDelayedTaskList2
                0x02000f44       0x14 C:\Users\johan\Documents\School\Platforms\MCUXpressoIDE_11.2.0_4120\XY-projektV2\FreeRTOS\Debug\libfreertos.a(tasks.o)
 .bss.pxDelayedTaskList
                0x02000f58        0x4 C:\Users\johan\Documents\School\Platforms\MCUXpressoIDE_11.2.0_4120\XY-projektV2\FreeRTOS\Debug\libfreertos.a(tasks.o)
 .bss.pxOverflowDelayedTaskList
                0x02000f5c        0x4 C:\Users\johan\Documents\School\Platforms\MCUXpressoIDE_11.2.0_4120\XY-projektV2\FreeRTOS\Debug\libfreertos.a(tasks.o)
 .bss.xPendingReadyList
                0x02000f60       0x14 C:\Users\johan\Documents\School\Platforms\MCUXpressoIDE_11.2.0_4120\XY-projektV2\FreeRTOS\Debug\libfreertos.a(tasks.o)
 .bss.xTasksWaitingTermination
                0x02000f74       0x14 C:\Users\johan\Documents\School\Platforms\MCUXpressoIDE_11.2.0_4120\XY-projektV2\FreeRTOS\Debug\libfreertos.a(tasks.o)
 .bss.uxDeletedTasksWaitingCleanUp
                0x02000f88        0x4 C:\Users\johan\Documents\School\Platforms\MCUXpressoIDE_11.2.0_4120\XY-projektV2\FreeRTOS\Debug\libfreertos.a(tasks.o)
 .bss.xSuspendedTaskList
                0x02000f8c       0x14 C:\Users\johan\Documents\School\Platforms\MCUXpressoIDE_11.2.0_4120\XY-projektV2\FreeRTOS\Debug\libfreertos.a(tasks.o)
 .bss.uxCurrentNumberOfTasks
                0x02000fa0        0x4 C:\Users\johan\Documents\School\Platforms\MCUXpressoIDE_11.2.0_4120\XY-projektV2\FreeRTOS\Debug\libfreertos.a(tasks.o)
 .bss.xTickCount
                0x02000fa4        0x4 C:\Users\johan\Documents\School\Platforms\MCUXpressoIDE_11.2.0_4120\XY-projektV2\FreeRTOS\Debug\libfreertos.a(tasks.o)
 .bss.uxTopReadyPriority
                0x02000fa8        0x4 C:\Users\johan\Documents\School\Platforms\MCUXpressoIDE_11.2.0_4120\XY-projektV2\FreeRTOS\Debug\libfreertos.a(tasks.o)
 .bss.xSchedulerRunning
                0x02000fac        0x4 C:\Users\johan\Documents\School\Platforms\MCUXpressoIDE_11.2.0_4120\XY-projektV2\FreeRTOS\Debug\libfreertos.a(tasks.o)
 .bss.uxPendedTicks
                0x02000fb0        0x4 C:\Users\johan\Documents\School\Platforms\MCUXpressoIDE_11.2.0_4120\XY-projektV2\FreeRTOS\Debug\libfreertos.a(tasks.o)
 .bss.xYieldPending
                0x02000fb4        0x4 C:\Users\johan\Documents\School\Platforms\MCUXpressoIDE_11.2.0_4120\XY-projektV2\FreeRTOS\Debug\libfreertos.a(tasks.o)
 .bss.xNumOfOverflows
                0x02000fb8        0x4 C:\Users\johan\Documents\School\Platforms\MCUXpressoIDE_11.2.0_4120\XY-projektV2\FreeRTOS\Debug\libfreertos.a(tasks.o)
 .bss.uxTaskNumber
                0x02000fbc        0x4 C:\Users\johan\Documents\School\Platforms\MCUXpressoIDE_11.2.0_4120\XY-projektV2\FreeRTOS\Debug\libfreertos.a(tasks.o)
 .bss.xNextTaskUnblockTime
                0x02000fc0        0x4 C:\Users\johan\Documents\School\Platforms\MCUXpressoIDE_11.2.0_4120\XY-projektV2\FreeRTOS\Debug\libfreertos.a(tasks.o)
 .bss.xIdleTaskHandle
                0x02000fc4        0x4 C:\Users\johan\Documents\School\Platforms\MCUXpressoIDE_11.2.0_4120\XY-projektV2\FreeRTOS\Debug\libfreertos.a(tasks.o)
 .bss.uxSchedulerSuspended
                0x02000fc8        0x4 C:\Users\johan\Documents\School\Platforms\MCUXpressoIDE_11.2.0_4120\XY-projektV2\FreeRTOS\Debug\libfreertos.a(tasks.o)
 .bss.xActiveTimerList1
                0x02000fcc       0x14 C:\Users\johan\Documents\School\Platforms\MCUXpressoIDE_11.2.0_4120\XY-projektV2\FreeRTOS\Debug\libfreertos.a(timers.o)
 .bss.xActiveTimerList2
                0x02000fe0       0x14 C:\Users\johan\Documents\School\Platforms\MCUXpressoIDE_11.2.0_4120\XY-projektV2\FreeRTOS\Debug\libfreertos.a(timers.o)
 .bss.pxCurrentTimerList
                0x02000ff4        0x4 C:\Users\johan\Documents\School\Platforms\MCUXpressoIDE_11.2.0_4120\XY-projektV2\FreeRTOS\Debug\libfreertos.a(timers.o)
 .bss.pxOverflowTimerList
                0x02000ff8        0x4 C:\Users\johan\Documents\School\Platforms\MCUXpressoIDE_11.2.0_4120\XY-projektV2\FreeRTOS\Debug\libfreertos.a(timers.o)
 .bss.xTimerQueue
                0x02000ffc        0x4 C:\Users\johan\Documents\School\Platforms\MCUXpressoIDE_11.2.0_4120\XY-projektV2\FreeRTOS\Debug\libfreertos.a(timers.o)
 .bss.xTimerTaskHandle
                0x02001000        0x4 C:\Users\johan\Documents\School\Platforms\MCUXpressoIDE_11.2.0_4120\XY-projektV2\FreeRTOS\Debug\libfreertos.a(timers.o)
 .bss.xLastTime.9990
                0x02001004        0x4 C:\Users\johan\Documents\School\Platforms\MCUXpressoIDE_11.2.0_4120\XY-projektV2\FreeRTOS\Debug\libfreertos.a(timers.o)
 .bss.__malloc_current_mallinfo
                0x02001008       0x28 c:/nxp/mcuxpressoide_11.2.0_4120/ide/plugins/com.nxp.mcuxpresso.tools.win32_11.2.0.202001021529/tools/bin/../lib/gcc/arm-none-eabi/9.2.1/../../../../arm-none-eabi/lib/thumb/v7-m/nofp\libc.a(lib_a-mallocr.o)
                0x02001008                __malloc_current_mallinfo
 .bss.__malloc_max_sbrked_mem
                0x02001030        0x4 c:/nxp/mcuxpressoide_11.2.0_4120/ide/plugins/com.nxp.mcuxpresso.tools.win32_11.2.0.202001021529/tools/bin/../lib/gcc/arm-none-eabi/9.2.1/../../../../arm-none-eabi/lib/thumb/v7-m/nofp\libc.a(lib_a-mallocr.o)
                0x02001030                __malloc_max_sbrked_mem
 .bss.__malloc_max_total_mem
                0x02001034        0x4 c:/nxp/mcuxpressoide_11.2.0_4120/ide/plugins/com.nxp.mcuxpresso.tools.win32_11.2.0.202001021529/tools/bin/../lib/gcc/arm-none-eabi/9.2.1/../../../../arm-none-eabi/lib/thumb/v7-m/nofp\libc.a(lib_a-mallocr.o)
                0x02001034                __malloc_max_total_mem
 .bss.__malloc_top_pad
                0x02001038        0x4 c:/nxp/mcuxpressoide_11.2.0_4120/ide/plugins/com.nxp.mcuxpresso.tools.win32_11.2.0.202001021529/tools/bin/../lib/gcc/arm-none-eabi/9.2.1/../../../../arm-none-eabi/lib/thumb/v7-m/nofp\libc.a(lib_a-mallocr.o)
                0x02001038                __malloc_top_pad
 .bss.__end_of_heap
                0x0200103c        0x4 c:/nxp/mcuxpressoide_11.2.0_4120/ide/plugins/com.nxp.mcuxpresso.tools.win32_11.2.0.202001021529/tools/bin/../lib/gcc/arm-none-eabi/9.2.1/../../../../arm-none-eabi/lib/thumb/v7-m/nofp\libcr_newlib_nohost.a(_cr_sbrk.o)
                0x0200103c                __end_of_heap
 .bss           0x02001040       0x1c c:/nxp/mcuxpressoide_11.2.0_4120/ide/plugins/com.nxp.mcuxpresso.tools.win32_11.2.0.202001021529/tools/bin/../lib/gcc/arm-none-eabi/9.2.1/thumb/v7-m/nofp\crtbegin.o
 *(COMMON)
 COMMON         0x0200105c        0x4 C:\Users\johan\Documents\School\Platforms\MCUXpressoIDE_11.2.0_4120\XY-projektV2\lpc_chip_15xx\Debug\liblpc_chip_15xx.a(chip_15xx.o)
                0x0200105c                SystemCoreClock
 COMMON         0x02001060        0x4 c:/nxp/mcuxpressoide_11.2.0_4120/ide/plugins/com.nxp.mcuxpresso.tools.win32_11.2.0.202001021529/tools/bin/../lib/gcc/arm-none-eabi/9.2.1/../../../../arm-none-eabi/lib/thumb/v7-m/nofp\libc.a(lib_a-reent.o)
                0x02001060                errno
                0x02001064                . = ALIGN (0x4)
                0x02001064                _ebss = .
                [!provide]                PROVIDE (__end_bss_RAM = .)
                [!provide]                PROVIDE (__end_bss_Ram0_16_32 = .)
                [!provide]                PROVIDE (end = .)

.noinit_RAM2    0x02008000        0x0
                [!provide]                PROVIDE (__start_noinit_RAM2 = .)
                [!provide]                PROVIDE (__start_noinit_Ram2_4 = .)
 *(.noinit.$RAM2)
 *(.noinit.$Ram2_4)
 *(.noinit.$RAM2.*)
 *(.noinit.$Ram2_4.*)
                0x02008000                . = ALIGN (0x4)
                [!provide]                PROVIDE (__end_noinit_RAM2 = .)
                [!provide]                PROVIDE (__end_noinit_Ram2_4 = .)

.noinit         0x02001064        0x0
                0x02001064                _noinit = .
                [!provide]                PROVIDE (__start_noinit_RAM = .)
                [!provide]                PROVIDE (__start_noinit_Ram0_16_32 = .)
 *(.noinit*)
                0x02001064                . = ALIGN (0x4)
                0x02001064                _end_noinit = .
                [!provide]                PROVIDE (__end_noinit_RAM = .)
                [!provide]                PROVIDE (__end_noinit_Ram0_16_32 = .)
                0x02001064                PROVIDE (_pvHeapStart = DEFINED (__user_heap_base)?__user_heap_base:.)
                0x02008000                PROVIDE (_vStackTop = DEFINED (__user_stack_top)?__user_stack_top:(__top_Ram0_16_32 - 0x0))
                0xfdff735a                PROVIDE (__valid_user_code_checksum = (0x0 - ((((((_vStackTop + (ResetISR + 0x1)) + (NMI_Handler + 0x1)) + (HardFault_Handler + 0x1)) + (DEFINED (MemManage_Handler)?MemManage_Handler:0x0 + 0x1)) + (DEFINED (BusFault_Handler)?BusFault_Handler:0x0 + 0x1)) + (DEFINED (UsageFault_Handler)?UsageFault_Handler:0x0 + 0x1))))
                0x00000000                _image_start = LOADADDR (.text)
                0x00009eb0                _image_end = (LOADADDR (.data) + SIZEOF (.data))
                0x00009eb0                _image_size = (_image_end - _image_start)
OUTPUT(usb_cdc.axf elf32-littlearm)

.debug_info     0x00000000    0x1e6d2
 .debug_info    0x00000000      0x3c9 ./src/ITM_write.o
 .debug_info    0x000003c9     0x16e1 ./src/cdc_desc.o
 .debug_info    0x00001aaa     0x3d4f ./src/cdc_main.o
 .debug_info    0x000057f9     0x2804 ./src/cdc_vcom.o
 .debug_info    0x00007ffd      0x2a0 ./src/cr_startup_lpc15xx.o
 .debug_info    0x0000829d      0xc1a ./src/heap_lock_monitor.o
 .debug_info    0x00008eb7      0x9fc ./src/sysinit.o
 .debug_info    0x000098b3     0x5b74 ./src/usb_cdc.o
 .debug_info    0x0000f427     0x1cb2 C:\Users\johan\Documents\School\Platforms\MCUXpressoIDE_11.2.0_4120\XY-projektV2\FreeRTOS\Debug\libfreertos.a(queue.o)
 .debug_info    0x000110d9     0x2801 C:\Users\johan\Documents\School\Platforms\MCUXpressoIDE_11.2.0_4120\XY-projektV2\FreeRTOS\Debug\libfreertos.a(tasks.o)
 .debug_info    0x000138da     0x1698 C:\Users\johan\Documents\School\Platforms\MCUXpressoIDE_11.2.0_4120\XY-projektV2\FreeRTOS\Debug\libfreertos.a(timers.o)
 .debug_info    0x00014f72      0xa6e C:\Users\johan\Documents\School\Platforms\MCUXpressoIDE_11.2.0_4120\XY-projektV2\FreeRTOS\Debug\libfreertos.a(heap_3.o)
 .debug_info    0x000159e0      0xd35 C:\Users\johan\Documents\School\Platforms\MCUXpressoIDE_11.2.0_4120\XY-projektV2\FreeRTOS\Debug\libfreertos.a(port.o)
 .debug_info    0x00016715      0xb1c C:\Users\johan\Documents\School\Platforms\MCUXpressoIDE_11.2.0_4120\XY-projektV2\FreeRTOS\Debug\libfreertos.a(FreeRTOSCommonHooks.o)
 .debug_info    0x00017231      0xc2f C:\Users\johan\Documents\School\Platforms\MCUXpressoIDE_11.2.0_4120\XY-projektV2\FreeRTOS\Debug\libfreertos.a(list.o)
 .debug_info    0x00017e60      0xca8 C:\Users\johan\Documents\School\Platforms\MCUXpressoIDE_11.2.0_4120\XY-projektV2\lpc_board_nxp_lpcxpresso_1549\Debug\liblpc_board_nxp_lpcxpresso_1549.a(board.o)
 .debug_info    0x00018b08      0xe7d C:\Users\johan\Documents\School\Platforms\MCUXpressoIDE_11.2.0_4120\XY-projektV2\lpc_board_nxp_lpcxpresso_1549\Debug\liblpc_board_nxp_lpcxpresso_1549.a(board_sysinit.o)
 .debug_info    0x00019985      0xa58 C:\Users\johan\Documents\School\Platforms\MCUXpressoIDE_11.2.0_4120\XY-projektV2\lpc_chip_15xx\Debug\liblpc_chip_15xx.a(chip_15xx.o)
 .debug_info    0x0001a3dd      0xe4e C:\Users\johan\Documents\School\Platforms\MCUXpressoIDE_11.2.0_4120\XY-projektV2\lpc_chip_15xx\Debug\liblpc_chip_15xx.a(clock_15xx.o)
 .debug_info    0x0001b22b      0x6e5 C:\Users\johan\Documents\School\Platforms\MCUXpressoIDE_11.2.0_4120\XY-projektV2\lpc_chip_15xx\Debug\liblpc_chip_15xx.a(gpio_15xx.o)
 .debug_info    0x0001b910      0x2b0 C:\Users\johan\Documents\School\Platforms\MCUXpressoIDE_11.2.0_4120\XY-projektV2\lpc_chip_15xx\Debug\liblpc_chip_15xx.a(iocon_15xx.o)
 .debug_info    0x0001bbc0      0x6af C:\Users\johan\Documents\School\Platforms\MCUXpressoIDE_11.2.0_4120\XY-projektV2\lpc_chip_15xx\Debug\liblpc_chip_15xx.a(swm_15xx.o)
 .debug_info    0x0001c26f      0x816 C:\Users\johan\Documents\School\Platforms\MCUXpressoIDE_11.2.0_4120\XY-projektV2\lpc_chip_15xx\Debug\liblpc_chip_15xx.a(sysctl_15xx.o)
 .debug_info    0x0001ca85      0x802 C:\Users\johan\Documents\School\Platforms\MCUXpressoIDE_11.2.0_4120\XY-projektV2\lpc_chip_15xx\Debug\liblpc_chip_15xx.a(sysinit_15xx.o)
 .debug_info    0x0001d287      0x9e2 C:\Users\johan\Documents\School\Platforms\MCUXpressoIDE_11.2.0_4120\XY-projektV2\lpc_chip_15xx\Debug\liblpc_chip_15xx.a(uart_15xx.o)
 .debug_info    0x0001dc69      0x9f8 c:/nxp/mcuxpressoide_11.2.0_4120/ide/plugins/com.nxp.mcuxpresso.tools.win32_11.2.0.202001021529/tools/bin/../lib/gcc/arm-none-eabi/9.2.1/../../../../arm-none-eabi/lib/thumb/v7-m/nofp\libcr_newlib_nohost.a(_cr_sbrk.o)
 .debug_info    0x0001e661       0x71 c:/nxp/mcuxpressoide_11.2.0_4120/ide/plugins/com.nxp.mcuxpresso.tools.win32_11.2.0.202001021529/tools/bin/../lib/gcc/arm-none-eabi/9.2.1/../../../../arm-none-eabi/lib/thumb/v7-m/nofp\libcr_newlib_nohost.a(_cr_check_heap.o)

.debug_abbrev   0x00000000     0x43e3
 .debug_abbrev  0x00000000      0x14c ./src/ITM_write.o
 .debug_abbrev  0x0000014c      0x18a ./src/cdc_desc.o
 .debug_abbrev  0x000002d6      0x3b4 ./src/cdc_main.o
 .debug_abbrev  0x0000068a      0x388 ./src/cdc_vcom.o
 .debug_abbrev  0x00000a12      0x11a ./src/cr_startup_lpc15xx.o
 .debug_abbrev  0x00000b2c      0x250 ./src/heap_lock_monitor.o
 .debug_abbrev  0x00000d7c      0x1d9 ./src/sysinit.o
 .debug_abbrev  0x00000f55      0x86f ./src/usb_cdc.o
 .debug_abbrev  0x000017c4      0x3a9 C:\Users\johan\Documents\School\Platforms\MCUXpressoIDE_11.2.0_4120\XY-projektV2\FreeRTOS\Debug\libfreertos.a(queue.o)
 .debug_abbrev  0x00001b6d      0x3ec C:\Users\johan\Documents\School\Platforms\MCUXpressoIDE_11.2.0_4120\XY-projektV2\FreeRTOS\Debug\libfreertos.a(tasks.o)
 .debug_abbrev  0x00001f59      0x32d C:\Users\johan\Documents\School\Platforms\MCUXpressoIDE_11.2.0_4120\XY-projektV2\FreeRTOS\Debug\libfreertos.a(timers.o)
 .debug_abbrev  0x00002286      0x246 C:\Users\johan\Documents\School\Platforms\MCUXpressoIDE_11.2.0_4120\XY-projektV2\FreeRTOS\Debug\libfreertos.a(heap_3.o)
 .debug_abbrev  0x000024cc      0x35e C:\Users\johan\Documents\School\Platforms\MCUXpressoIDE_11.2.0_4120\XY-projektV2\FreeRTOS\Debug\libfreertos.a(port.o)
 .debug_abbrev  0x0000282a      0x2a2 C:\Users\johan\Documents\School\Platforms\MCUXpressoIDE_11.2.0_4120\XY-projektV2\FreeRTOS\Debug\libfreertos.a(FreeRTOSCommonHooks.o)
 .debug_abbrev  0x00002acc      0x235 C:\Users\johan\Documents\School\Platforms\MCUXpressoIDE_11.2.0_4120\XY-projektV2\FreeRTOS\Debug\libfreertos.a(list.o)
 .debug_abbrev  0x00002d01      0x26e C:\Users\johan\Documents\School\Platforms\MCUXpressoIDE_11.2.0_4120\XY-projektV2\lpc_board_nxp_lpcxpresso_1549\Debug\liblpc_board_nxp_lpcxpresso_1549.a(board.o)
 .debug_abbrev  0x00002f6f      0x27e C:\Users\johan\Documents\School\Platforms\MCUXpressoIDE_11.2.0_4120\XY-projektV2\lpc_board_nxp_lpcxpresso_1549\Debug\liblpc_board_nxp_lpcxpresso_1549.a(board_sysinit.o)
 .debug_abbrev  0x000031ed      0x1ff C:\Users\johan\Documents\School\Platforms\MCUXpressoIDE_11.2.0_4120\XY-projektV2\lpc_chip_15xx\Debug\liblpc_chip_15xx.a(chip_15xx.o)
 .debug_abbrev  0x000033ec      0x2fd C:\Users\johan\Documents\School\Platforms\MCUXpressoIDE_11.2.0_4120\XY-projektV2\lpc_chip_15xx\Debug\liblpc_chip_15xx.a(clock_15xx.o)
 .debug_abbrev  0x000036e9      0x1b6 C:\Users\johan\Documents\School\Platforms\MCUXpressoIDE_11.2.0_4120\XY-projektV2\lpc_chip_15xx\Debug\liblpc_chip_15xx.a(gpio_15xx.o)
 .debug_abbrev  0x0000389f      0x16c C:\Users\johan\Documents\School\Platforms\MCUXpressoIDE_11.2.0_4120\XY-projektV2\lpc_chip_15xx\Debug\liblpc_chip_15xx.a(iocon_15xx.o)
 .debug_abbrev  0x00003a0b      0x198 C:\Users\johan\Documents\School\Platforms\MCUXpressoIDE_11.2.0_4120\XY-projektV2\lpc_chip_15xx\Debug\liblpc_chip_15xx.a(swm_15xx.o)
 .debug_abbrev  0x00003ba3      0x169 C:\Users\johan\Documents\School\Platforms\MCUXpressoIDE_11.2.0_4120\XY-projektV2\lpc_chip_15xx\Debug\liblpc_chip_15xx.a(sysctl_15xx.o)
 .debug_abbrev  0x00003d0c      0x1f2 C:\Users\johan\Documents\School\Platforms\MCUXpressoIDE_11.2.0_4120\XY-projektV2\lpc_chip_15xx\Debug\liblpc_chip_15xx.a(sysinit_15xx.o)